Component: ARM Compiler 5.06 update 7 (build 960) Tool: armlink [4d3601]

==============================================================================

Section Cross References

    main.o(i.main) refers to psk_delay.o(i.sys_init) for sys_init
    main.o(i.main) refers to psk_delay.o(i.no_used_initial) for no_used_initial
    main.o(i.main) refers to psk_interrupt.o(i.GPIO_INIT_IT) for GPIO_INIT_IT
    main.o(i.main) refers to psk_pwm.o(i.TA0_4PWM_INIT) for TA0_4PWM_INIT
    main.o(i.main) refers to psk_pwm.o(i.TA1_4PWM_INIT) for TA1_4PWM_INIT
    main.o(i.main) refers to psk_motor_control.o(i.pid_set) for pid_set
    main.o(i.main) refers to pid.o(i.PID_struct_init) for PID_struct_init
    main.o(i.main) refers to huidu.o(i.huidu_io_init) for huidu_io_init
    main.o(i.main) refers to psk_usart.o(i.USART0_DEBUG_INIT) for USART0_DEBUG_INIT
    main.o(i.main) refers to psk_usart.o(i.USART1_INIT) for USART1_INIT
    main.o(i.main) refers to psk_usart.o(i.USART2_INIT) for USART2_INIT
    main.o(i.main) refers to psk_usart.o(i.USART3_INIT) for USART3_INIT
    main.o(i.main) refers to seekfree_printf.o(i.zf_sprintf) for zf_sprintf
    main.o(i.main) refers to psk_usart.o(i.USART0_DEBUG_SEND) for USART0_DEBUG_SEND
    main.o(i.main) refers to psk_oled.o(i.OLED_Init) for OLED_Init
    main.o(i.main) refers to psk_oled.o(i.OLED_Clear) for OLED_Clear
    main.o(i.main) refers to psk_interrupt.o(i.TA3_IT_INIT) for TA3_IT_INIT
    main.o(i.main) refers to mission.o(i.slave_task) for slave_task
    main.o(i.main) refers to led_beep.o(.data) for buzzer_bi_flag
    main.o(i.main) refers to psk_motor_control.o(.data) for basic_speed
    main.o(i.main) refers to pid.o(.bss) for pid_rb
    main.o(i.main) refers to pid.o(.bss) for pid_lb
    main.o(i.main) refers to pid.o(.bss) for pid_rf
    main.o(i.main) refers to pid.o(.bss) for pid_lf
    main.o(i.main) refers to pid.o(.bss) for pid_speed
    main.o(i.main) refers to psk_usart.o(.bss) for printf_temp
    system_msp432p401r.o(i.SystemCoreClockUpdate) refers to system_msp432p401r.o(.data) for .data
    startup_msp432p401r_uvision.o(STACK) refers (Special) to heapauxi.o(.text) for __use_two_region_memory
    startup_msp432p401r_uvision.o(HEAP) refers (Special) to heapauxi.o(.text) for __use_two_region_memory
    startup_msp432p401r_uvision.o(RESET) refers (Special) to heapauxi.o(.text) for __use_two_region_memory
    startup_msp432p401r_uvision.o(RESET) refers to startup_msp432p401r_uvision.o(STACK) for __initial_sp
    startup_msp432p401r_uvision.o(RESET) refers to startup_msp432p401r_uvision.o(.text) for Reset_Handler
    startup_msp432p401r_uvision.o(RESET) refers to psk_delay.o(i.SysTick_Handler) for SysTick_Handler
    startup_msp432p401r_uvision.o(RESET) refers to psk_interrupt.o(i.TA3_0_IRQHandler) for TA3_0_IRQHandler
    startup_msp432p401r_uvision.o(RESET) refers to psk_usart.o(i.EUSCIA1_IRQHandler) for EUSCIA1_IRQHandler
    startup_msp432p401r_uvision.o(RESET) refers to psk_usart.o(i.EUSCIA2_IRQHandler) for EUSCIA2_IRQHandler
    startup_msp432p401r_uvision.o(RESET) refers to psk_usart.o(i.EUSCIA3_IRQHandler) for EUSCIA3_IRQHandler
    startup_msp432p401r_uvision.o(RESET) refers to psk_interrupt.o(i.PORT1_IRQHandler) for PORT1_IRQHandler
    startup_msp432p401r_uvision.o(RESET) refers to psk_interrupt.o(i.PORT4_IRQHandler) for PORT4_IRQHandler
    startup_msp432p401r_uvision.o(RESET) refers to psk_interrupt.o(i.PORT5_IRQHandler) for PORT5_IRQHandler
    startup_msp432p401r_uvision.o(.text) refers (Special) to heapauxi.o(.text) for __use_two_region_memory
    startup_msp432p401r_uvision.o(.text) refers to system_msp432p401r.o(i.SystemInit) for SystemInit
    startup_msp432p401r_uvision.o(.text) refers to __main.o(!!!main) for __main
    startup_msp432p401r_uvision.o(.text) refers to startup_msp432p401r_uvision.o(HEAP) for Heap_Mem
    startup_msp432p401r_uvision.o(.text) refers to startup_msp432p401r_uvision.o(STACK) for Stack_Mem
    pid.o(i.PID_struct_init) refers to pid.o(i.pid_param_init) for pid_param_init
    pid.o(i.PID_struct_init) refers to pid.o(i.pid_reset) for pid_reset
    pid.o(i.pid_calc) refers to pid.o(i.abs_limit) for abs_limit
    pid.o(i.position_pid_calc) refers to pid.o(i.abs_limit) for abs_limit
    psk_delay.o(i.SysTick_Handler) refers to psk_delay.o(.data) for .data
    psk_delay.o(i.sys_init) refers to flash.o(i.FlashCtl_setWaitState) for FlashCtl_setWaitState
    psk_delay.o(i.sys_init) refers to cs.o(i.CS_setDCOCenteredFrequency) for CS_setDCOCenteredFrequency
    psk_delay.o(i.sys_init) refers to cs.o(i.CS_getACLK) for CS_getACLK
    psk_delay.o(i.sys_init) refers to cs.o(i.CS_getMCLK) for CS_getMCLK
    psk_delay.o(i.sys_init) refers to cs.o(i.CS_getSMCLK) for CS_getSMCLK
    psk_delay.o(i.sys_init) refers to cs.o(i.CS_getHSMCLK) for CS_getHSMCLK
    psk_delay.o(i.sys_init) refers to cs.o(i.CS_getBCLK) for CS_getBCLK
    psk_delay.o(i.sys_init) refers to psk_delay.o(.data) for .data
[...]
    ..\\code\\condition.c                    0x00000000   Number         0  condition.o ABSOLUTE
    ..\\code\\huidu.c                        0x00000000   Number         0  huidu.o ABSOLUTE
    ..\\code\\jy901s.c                       0x00000000   Number         0  jy901s.o ABSOLUTE
    ..\\code\\led_beep.c                     0x00000000   Number         0  led_beep.o ABSOLUTE
    ..\\code\\menu.c                         0x00000000   Number         0  menu.o ABSOLUTE
    ..\\code\\mission.c                      0x00000000   Number         0  mission.o ABSOLUTE
    ..\\code\\posget.c                       0x00000000   Number         0  posget.o ABSOLUTE
    ..\\code\\psk_OLED.c                     0x00000000   Number         0  psk_oled.o ABSOLUTE
    ..\\code\\psk_aht10.c                    0x00000000   Number         0  psk_aht10.o ABSOLUTE
    ..\\code\\psk_motor_control.c            0x00000000   Number         0  psk_motor_control.o ABSOLUTE
    ..\\code\\servo.c                        0x00000000   Number         0  servo.o ABSOLUTE
    ..\\code\\ultrasonic.c                   0x00000000   Number         0  ultrasonic.o ABSOLUTE
    ..\\code\\ycz_communicate.c              0x00000000   Number         0  ycz_communicate.o ABSOLUTE
    ..\\code\\ycz_distance.c                 0x00000000   Number         0  ycz_distance.o ABSOLUTE
    ..\\main.c                               0x00000000   Number         0  main.o ABSOLUTE
    ..\\src\\pid.c                           0x00000000   Number         0  pid.o ABSOLUTE
    ..\\src\\psk_DELAY.c                     0x00000000   Number         0  psk_delay.o ABSOLUTE
    ..\\src\\psk_GPIO.c                      0x00000000   Number         0  psk_gpio.o ABSOLUTE
    ..\\src\\psk_INTERRUPT.c                 0x00000000   Number         0  psk_interrupt.o ABSOLUTE
    ..\\src\\psk_PWM.c                       0x00000000   Number         0  psk_pwm.o ABSOLUTE
    ..\\src\\psk_USART.c                     0x00000000   Number         0  psk_usart.o ABSOLUTE
    ..\code\SEEKFREE_IIC.c                   0x00000000   Number         0  seekfree_iic.o ABSOLUTE
    ..\code\SEEKFREE_MPU6050.c               0x00000000   Number         0  seekfree_mpu6050.o ABSOLUTE
    ..\code\SEEKFREE_PRINTF.c                0x00000000   Number         0  seekfree_printf.o ABSOLUTE
    ..\code\condition.c                      0x00000000   Number         0  condition.o ABSOLUTE
    ..\code\huidu.c                          0x00000000   Number         0  huidu.o ABSOLUTE
    ..\code\jy901s.c                         0x00000000   Number         0  jy901s.o ABSOLUTE
    ..\code\led_beep.c                       0x00000000   Number         0  led_beep.o ABSOLUTE
    ..\code\menu.c                           0x00000000   Number         0  menu.o ABSOLUTE
    ..\code\mission.c                        0x00000000   Number         0  mission.o ABSOLUTE
    ..\code\posget.c                         0x00000000   Number         0  posget.o ABSOLUTE
    ..\code\psk_OLED.c                       0x00000000   Number         0  psk_oled.o ABSOLUTE
    ..\code\psk_aht10.c                      0x00000000   Number         0  psk_aht10.o ABSOLUTE
    ..\code\psk_motor_control.c              0x00000000   Number         0  psk_motor_control.o ABSOLUTE
    ..\code\servo.c                          0x00000000   Number         0  servo.o ABSOLUTE
    ..\code\ultrasonic.c                     0x00000000   Number         0  ultrasonic.o ABSOLUTE
    ..\code\ycz_communicate.c                0x00000000   Number         0  ycz_communicate.o ABSOLUTE
    ..\code\ycz_distance.c                   0x00000000   Number         0  ycz_distance.o ABSOLUTE
    ..\main.c                                0x00000000   Number         0  main.o ABSOLUTE
    ..\src\pid.c                             0x00000000   Number         0  pid.o ABSOLUTE
    ..\src\psk_DELAY.c                       0x00000000   Number         0  psk_delay.o ABSOLUTE
    ..\src\psk_GPIO.c                        0x00000000   Number         0  psk_gpio.o ABSOLUTE
    ..\src\psk_INTERRUPT.c                   0x00000000   Number         0  psk_interrupt.o ABSOLUTE
    ..\src\psk_PWM.c                         0x00000000   Number         0  psk_pwm.o ABSOLUTE
    ..\src\psk_USART.c                       0x00000000   Number         0  psk_usart.o ABSOLUTE
    ..\system_msp432p401r.c                  0x00000000   Number         0  system_msp432p401r.o ABSOLUTE
    dc.s                                     0x00000000   Number         0  dc.o ABSOLUTE
    source/ti/devices/msp432p4xx/driverlib/cpu.c 0x00000000   Number         0  cpu.o ABSOLUTE
    source/ti/devices/msp432p4xx/driverlib/cpu.c 0x00000000   Number         0  cpu.o ABSOLUTE
    source/ti/devices/msp432p4xx/driverlib/cs.c 0x00000000   Number         0  cs.o ABSOLUTE
    source/ti/devices/msp432p4xx/driverlib/cs.c 0x00000000   Number         0  cs.o ABSOLUTE
    source/ti/devices/msp432p4xx/driverlib/flash.c 0x00000000   Number         0  flash.o ABSOLUTE
    source/ti/devices/msp432p4xx/driverlib/flash.c 0x00000000   Number         0  flash.o ABSOLUTE
    source/ti/devices/msp432p4xx/driverlib/interrupt.c 0x00000000   Number         0  interrupt.o ABSOLUTE
    source/ti/devices/msp432p4xx/driverlib/interrupt.c 0x00000000   Number         0  interrupt.o ABSOLUTE
    source/ti/devices/msp432p4xx/driverlib/sysctl.c 0x00000000   Number         0  sysctl.o ABSOLUTE
    source/ti/devices/msp432p4xx/driverlib/sysctl.c 0x00000000   Number         0  sysctl.o ABSOLUTE
    source/ti/devices/msp432p4xx/driverlib/sysctl_a.c 0x00000000   Number         0  sysctl_a.o ABSOLUTE
    source/ti/devices/msp432p4xx/driverlib/sysctl_a.c 0x00000000   Number         0  sysctl_a.o ABSOLUTE
    source/ti/devices/msp432p4xx/driverlib/timer_a.c 0x00000000   Number         0  timer_a.o ABSOLUTE
    source/ti/devices/msp432p4xx/driverlib/timer_a.c 0x00000000   Number         0  timer_a.o ABSOLUTE
    source/ti/devices/msp432p4xx/driverlib/uart.c 0x00000000   Number         0  uart.o ABSOLUTE
    source/ti/devices/msp432p4xx/driverlib/uart.c 0x00000000   Number         0  uart.o ABSOLUTE
    startup_msp432p401r_uvision.s            0x00000000   Number         0  startup_msp432p401r_uvision.o ABSOLUTE
    !!!main                                  0x00000144   Section        8  __main.o(!!!main)
    !!!scatter                               0x0000014c   Section       52  __scatter.o(!!!scatter)
    !!handler_copy                           0x00000180   Section       26  __scatter_copy.o(!!handler_copy)
    !!handler_zi                             0x0000019c   Section       28  __scatter_zi.o(!!handler_zi)
    .ARM.Collect$$libinit$$00000000          0x000001b8   Section        2  libinit.o(.ARM.Collect$$libinit$$00000000)
    .ARM.Collect$$libinit$$00000001          0x000001ba   Section        4  libinit2.o(.ARM.Collect$$libinit$$00000001)
    .ARM.Collect$$libinit$$00000004          0x000001be   Section        0  libinit2.o(.ARM.Collect$$libinit$$00000004)
    .ARM.Collect$$libinit$$0000000A          0x000001be   Section        0  libinit2.o(.ARM.Collect$$libinit$$0000000A)
    .ARM.Collect$$libinit$$0000000C          0x000001be   Section        0  libinit2.o(.ARM.Collect$$libinit$$0000000C)
    .ARM.Collect$$libinit$$0000000E          0x000001be   Section        0  libinit2.o(.ARM.Collect$$libinit$$0000000E)
    .ARM.Collect$$libinit$$00000011          0x000001be   Section        0  libinit2.o(.ARM.Collect$$libinit$$00000011)
    .ARM.Collect$$libinit$$00000013          0x000001be   Section        0  libinit2.o(.ARM.Collect$$libinit$$00000013)
    .ARM.Collect$$libinit$$00000015          0x000001be   Section        0  libinit2.o(.ARM.Collect$$libinit$$00000015)
    .ARM.Collect$$libinit$$00000017          0x000001be   Section        0  libinit2.o(.ARM.Collect$$libinit$$00000017)
    .ARM.Collect$$libinit$$00000019          0x000001be   Section        0  libinit2.o(.ARM.Collect$$libinit$$00000019)
    .ARM.Collect$$libinit$$0000001B          0x000001be   Section        0  libinit2.o(.ARM.Collect$$libinit$$0000001B)
    .ARM.Collect$$libinit$$0000001D          0x000001be   Section        0  libinit2.o(.ARM.Collect$$libinit$$0000001D)
    .ARM.Collect$$libinit$$0000001F          0x000001be   Section        0  libinit2.o(.ARM.Collect$$libinit$$0000001F)
    .ARM.Collect$$libinit$$00000021          0x000001be   Section        0  libinit2.o(.ARM.Collect$$libinit$$00000021)
    .ARM.Collect$$libinit$$00000023          0x000001be   Section        0  libinit2.o(.ARM.Collect$$libinit$$00000023)
    .ARM.Collect$$libinit$$00000025          0x000001be   Section        0  libinit2.o(.ARM.Collect$$libinit$$00000025)
    .ARM.Collect$$libinit$$0000002C          0x000001be   Section        0  libinit2.o(.ARM.Collect$$libinit$$0000002C)
    .ARM.Collect$$libinit$$0000002E          0x000001be   Section        0  libinit2.o(.ARM.Collect$$libinit$$0000002E)
    .ARM.Collect$$libinit$$00000030          0x000001be   Section        0  libinit2.o(.ARM.Collect$$libinit$$00000030)
    .ARM.Collect$$libinit$$00000032          0x000001be   Section        0  libinit2.o(.ARM.Collect$$libinit$$00000032)
    .ARM.Collect$$libinit$$00000033          0x000001be   Section        2  libinit2.o(.ARM.Collect$$libinit$$00000033)
    .ARM.Collect$$libshutdown$$00000000      0x000001c0   Section        2  libshutdown.o(.ARM.Collect$$libshutdown$$00000000)
    .ARM.Collect$$libshutdown$$00000002      0x000001c2   Section        0  libshutdown2.o(.ARM.Collect$$libshutdown$$00000002)
    .ARM.Collect$$libshutdown$$00000004      0x000001c2   Section        0  libshutdown2.o(.ARM.Collect$$libshutdown$$00000004)
    .ARM.Collect$$libshutdown$$00000006      0x000001c2   Section        0  libshutdown2.o(.ARM.Collect$$libshutdown$$00000006)
    .ARM.Collect$$libshutdown$$00000009      0x000001c2   Section        0  libshutdown2.o(.ARM.Collect$$libshutdown$$00000009)
    .ARM.Collect$$libshutdown$$0000000C      0x000001c2   Section        0  libshutdown2.o(.ARM.Collect$$libshutdown$$0000000C)
    .ARM.Collect$$libshutdown$$0000000E      0x000001c2   Section        0  libshutdown2.o(.ARM.Collect$$libshutdown$$0000000E)
    .ARM.Collect$$libshutdown$$00000011      0x000001c2   Section        0  libshutdown2.o(.ARM.Collect$$libshutdown$$00000011)
    .ARM.Collect$$libshutdown$$00000012      0x000001c2   Section        2  libshutdown2.o(.ARM.Collect$$libshutdown$$00000012)
    .ARM.Collect$$rtentry$$00000000          0x000001c4   Section        0  __rtentry.o(.ARM.Collect$$rtentry$$00000000)
    .ARM.Collect$$rtentry$$00000002          0x000001c4   Section        0  __rtentry2.o(.ARM.Collect$$rtentry$$00000002)
    .ARM.Collect$$rtentry$$00000004          0x000001c4   Section        6  __rtentry4.o(.ARM.Collect$$rtentry$$00000004)
    .ARM.Collect$$rtentry$$00000009          0x000001ca   Section        0  __rtentry2.o(.ARM.Collect$$rtentry$$00000009)
    .ARM.Collect$$rtentry$$0000000A          0x000001ca   Section        4  __rtentry2.o(.ARM.Collect$$rtentry$$0000000A)
    .ARM.Collect$$rtentry$$0000000C          0x000001ce   Section        0  __rtentry2.o(.ARM.Collect$$rtentry$$0000000C)
    .ARM.Collect$$rtentry$$0000000D          0x000001ce   Section        8  __rtentry2.o(.ARM.Collect$$rtentry$$0000000D)
    .ARM.Collect$$rtexit$$00000000           0x000001d6   Section        2  rtexit.o(.ARM.Collect$$rtexit$$00000000)
    .ARM.Collect$$rtexit$$00000002           0x000001d8   Section        0  rtexit2.o(.ARM.Collect$$rtexit$$00000002)
    .ARM.Collect$$rtexit$$00000003           0x000001d8   Section        4  rtexit2.o(.ARM.Collect$$rtexit$$00000003)
    .ARM.Collect$$rtexit$$00000004           0x000001dc   Section        6  rtexit2.o(.ARM.Collect$$rtexit$$00000004)
    .emb_text                                0x000001e4   Section       38  cpu.o(.emb_text)
    $v0                                      0x000001e4   Number         0  cpu.o(.emb_text)
    .text                                    0x0000020c   Section       60  startup_msp432p401r_uvision.o(.text)
    $v0                                      0x0000020c   Number         0  startup_msp432p401r_uvision.o(.text)
    .text                                    0x00000248   Section      138  rt_memcpy_v6.o(.text)
    .text                                    0x000002d2   Section       78  rt_memclr_w.o(.text)
    .text                                    0x00000320   Section        0  heapauxi.o(.text)
    .text                                    0x00000326   Section      100  rt_memcpy_w.o(.text)
    .text                                    0x0000038c   Section        8  libspace.o(.text)
    .text                                    0x00000394   Section       74  sys_stackheap_outer.o(.text)
    .text                                    0x000003de   Section        0  exit.o(.text)
    .text                                    0x000003f0   Section        0  sys_exit.o(.text)
    .text                                    0x000003fc   Section        2  use_no_semi.o(.text)
    .text                                    0x000003fe   Section        0  indicate_semi.o(.text)
    i.CS_clearInterruptFlag                  0x00000400   Section        0  cs.o(i.CS_clearInterruptFlag)
    i.CS_getACLK                             0x00000424   Section        0  cs.o(i.CS_getACLK)
    i.CS_getBCLK                             0x0000043c   Section        0  cs.o(i.CS_getBCLK)
    i.CS_getDCOFrequency                     0x00000458   Section        0  cs.o(i.CS_getDCOFrequency)
    i.CS_getHSMCLK                           0x00000564   Section        0  cs.o(i.CS_getHSMCLK)
    i.CS_getMCLK                             0x0000057c   Section        0  cs.o(i.CS_getMCLK)
    i.CS_getSMCLK                            0x00000594   Section        0  cs.o(i.CS_getSMCLK)
    i.CS_setDCOCenteredFrequency             0x000005ac   Section        0  cs.o(i.CS_setDCOCenteredFrequency)
    i.EUSCIA1_IRQHandler                     0x000005d0   Section        0  psk_usart.o(i.EUSCIA1_IRQHandler)
    i.EUSCIA2_IRQHandler                     0x00000604   Section        0  psk_usart.o(i.EUSCIA2_IRQHandler)
    i.EUSCIA3_IRQHandler                     0x00000630   Section        0  psk_usart.o(i.EUSCIA3_IRQHandler)
    i.FlashCtl_setWaitState                  0x00000664   Section        0  flash.o(i.FlashCtl_setWaitState)
    i.GPIO_INIT_IT                           0x0000068c   Section        0  psk_interrupt.o(i.GPIO_INIT_IT)
    i.IIC_Wait_Ack                           0x000006e4   Section        0  psk_oled.o(i.IIC_Wait_Ack)
    i.Interrupt_enableInterrupt              0x000006fc   Section        0  interrupt.o(i.Interrupt_enableInterrupt)
    i.Interrupt_enableMaster                 0x00000758   Section        0  interrupt.o(i.Interrupt_enableMaster)
    i.Mission_1                              0x00000768   Section        0  mission.o(i.Mission_1)
    i.Mission_3                              0x00000788   Section        0  mission.o(i.Mission_3)
    i.Mission_4                              0x00000918   Section        0  mission.o(i.Mission_4)
    i.Mission_5                              0x000009b4   Section        0  mission.o(i.Mission_5)
    i.Mission_6                              0x00000a40   Section        0  mission.o(i.Mission_6)
    i.OLED_Clear                             0x00000b08   Section        0  psk_oled.o(i.OLED_Clear)
    i.OLED_IIC_Start                         0x00000b44   Section        0  psk_oled.o(i.OLED_IIC_Start)
    i.OLED_IIC_Stop                          0x00000b6c   Section        0  psk_oled.o(i.OLED_IIC_Stop)
    i.OLED_Init                              0x00000b8c   Section        0  psk_oled.o(i.OLED_Init)
    i.OLED_WR_Byte                           0x00000c80   Section        0  psk_oled.o(i.OLED_WR_Byte)
    i.PID_struct_init                        0x00000c8c   Section        0  pid.o(i.PID_struct_init)
    i.PORT1_IRQHandler                       0x00000cd0   Section        0  psk_interrupt.o(i.PORT1_IRQHandler)
    i.PORT4_IRQHandler                       0x00000cf0   Section        0  psk_interrupt.o(i.PORT4_IRQHandler)
    i.PORT5_IRQHandler                       0x00000d98   Section        0  psk_interrupt.o(i.PORT5_IRQHandler)
    i.SysCtl_A_getTLVInfo                    0x00000db8   Section        0  sysctl_a.o(i.SysCtl_A_getTLVInfo)
    i.SysTick_Handler                        0x00000e00   Section        0  psk_delay.o(i.SysTick_Handler)
    i.SystemInit                             0x00000e10   Section        0  system_msp432p401r.o(i.SystemInit)
    i.TA0_4PWM_INIT                          0x00000e70   Section        0  psk_pwm.o(i.TA0_4PWM_INIT)
    i.TA1_4PWM_INIT                          0x00000ec0   Section        0  psk_pwm.o(i.TA1_4PWM_INIT)
    i.TA3_0_IRQHandler                       0x00000f2c   Section        0  psk_interrupt.o(i.TA3_0_IRQHandler)
    i.TA3_IT_INIT                            0x00000fec   Section        0  psk_interrupt.o(i.TA3_IT_INIT)
    i.Timer_A_clearCaptureCompareInterrupt   0x00001020   Section        0  timer_a.o(i.Timer_A_clearCaptureCompareInterrupt)
    i.Timer_A_clearTimer                     0x0000103a   Section        0  timer_a.o(i.Timer_A_clearTimer)
    i.Timer_A_configureUpMode                0x00001046   Section        0  timer_a.o(i.Timer_A_configureUpMode)
    i.Timer_A_startCounter                   0x0000108c   Section        0  timer_a.o(i.Timer_A_startCounter)
    i.UART_getEnabledInterruptStatus         0x00001094   Section        0  uart.o(i.UART_getEnabledInterruptStatus)
    i.UART_initModule                        0x000010ba   Section        0  uart.o(i.UART_initModule)
    i.USART0_DEBUG_INIT                      0x0000114c   Section        0  psk_usart.o(i.USART0_DEBUG_INIT)
    i.USART0_DEBUG_SEND                      0x00001184   Section        0  psk_usart.o(i.USART0_DEBUG_SEND)
    i.USART1_INIT                            0x000011a8   Section        0  psk_usart.o(i.USART1_INIT)
    i.USART2_INIT                            0x000011fc   Section        0  psk_usart.o(i.USART2_INIT)
    i.USART3_INIT                            0x00001250   Section        0  psk_usart.o(i.USART3_INIT)
    i.Write_IIC_Byte                         0x000012a4   Section        0  psk_oled.o(i.Write_IIC_Byte)
    i.Write_IIC_Command                      0x000012e8   Section        0  psk_oled.o(i.Write_IIC_Command)
    i.Write_IIC_Data                         0x00001316   Section        0  psk_oled.o(i.Write_IIC_Data)
    i._CSComputeCLKFrequency                 0x00001344   Section        0  cs.o(i._CSComputeCLKFrequency)
    _CSComputeCLKFrequency                   0x00001345   Thumb Code   176  cs.o(i._CSComputeCLKFrequency)
    i.abs_limit                              0x00001404   Section        0  pid.o(i.abs_limit)
    i.buzzer_bbbi                            0x00001430   Section        0  led_beep.o(i.buzzer_bbbi)
    i.calc_disLoop_speed                     0x00001468   Section        0  ycz_distance.o(i.calc_disLoop_speed)
    i.calc_distance                          0x000014e8   Section        0  ycz_distance.o(i.calc_distance)
    i.communicate_handler                    0x00001534   Section        0  ycz_communicate.o(i.communicate_handler)
    i.delay_ms                               0x000015ec   Section        0  psk_delay.o(i.delay_ms)
    i.delay_us                               0x00001602   Section        0  psk_delay.o(i.delay_us)
    i.distance_calc                          0x00001614   Section        0  psk_motor_control.o(i.distance_calc)
    i.huidu_get_error                        0x00001650   Section        0  huidu.o(i.huidu_get_error)
    i.huidu_io_init                          0x00001850   Section        0  huidu.o(i.huidu_io_init)
    i.jy901s_handler                         0x00001888   Section        0  jy901s.o(i.jy901s_handler)
    i.led_lignt_ctl                          0x00001900   Section        0  led_beep.o(i.led_lignt_ctl)
    i.main                                   0x00001958   Section        0  main.o(i.main)
    i.no_used_initial                        0x00001c50   Section        0  psk_delay.o(i.no_used_initial)
    i.number_conversion_ascii                0x00001c52   Section        0  seekfree_printf.o(i.number_conversion_ascii)
    i.pid_calc                               0x00001ca0   Section        0  pid.o(i.pid_calc)
    i.pid_param_init                         0x00001dec   Section        0  pid.o(i.pid_param_init)
    pid_param_init                           0x00001ded   Thumb Code    14  pid.o(i.pid_param_init)
    i.pid_reset                              0x00001dfc   Section        0  pid.o(i.pid_reset)
    pid_reset                                0x00001dfd   Thumb Code    26  pid.o(i.pid_reset)
    i.pid_set                                0x00001e1c   Section        0  psk_motor_control.o(i.pid_set)
    i.printf_reverse_order                   0x00002034   Section        0  seekfree_printf.o(i.printf_reverse_order)
    i.privateTimer_AProcessClockSourceDivider 0x00002052   Section        0  timer_a.o(i.privateTimer_AProcessClockSourceDivider)
    privateTimer_AProcessClockSourceDivider  0x00002053   Thumb Code   180  timer_a.o(i.privateTimer_AProcessClockSourceDivider)
    i.sensor_read                            0x00002108   Section        0  huidu.o(i.sensor_read)
    i.set_speed_back                         0x00002120   Section        0  psk_motor_control.o(i.set_speed_back)
    i.set_speed_front                        0x000021f4   Section        0  psk_motor_control.o(i.set_speed_front)
    i.slave_task                             0x000022d8   Section        0  mission.o(i.slave_task)
    i.sys_init                               0x00002354   Section        0  psk_delay.o(i.sys_init)
    i.uart_handler                           0x000023d8   Section        0  ultrasonic.o(i.uart_handler)
    i.until_distance                         0x00002434   Section        0  psk_motor_control.o(i.until_distance)
    i.wait_for_condition                     0x00002460   Section        0  condition.o(i.wait_for_condition)
    i.zf_sprintf                             0x000024dc   Section        0  seekfree_printf.o(i.zf_sprintf)
    x$fpl$d2f                                0x000026f0   Section       98  d2f.o(x$fpl$d2f)
    $v0                                      0x000026f0   Number         0  d2f.o(x$fpl$d2f)
    x$fpl$dadd                               0x00002754   Section      336  daddsub_clz.o(x$fpl$dadd)
    $v0                                      0x00002754   Number         0  daddsub_clz.o(x$fpl$dadd)
    _dadd1                                   0x00002765   Thumb Code     0  daddsub_clz.o(x$fpl$dadd)
    x$fpl$dcmpinf                            0x000028a4   Section       24  dcmpi.o(x$fpl$dcmpinf)
    $v0                                      0x000028a4   Number         0  dcmpi.o(x$fpl$dcmpinf)
    x$fpl$deqf                               0x000028bc   Section      120  deqf.o(x$fpl$deqf)
    $v0                                      0x000028bc   Number         0  deqf.o(x$fpl$deqf)
    x$fpl$dfix                               0x00002934   Section       94  dfix.o(x$fpl$dfix)
    $v0                                      0x00002934   Number         0  dfix.o(x$fpl$dfix)
    x$fpl$dflt                               0x00002992   Section       46  dflt_clz.o(x$fpl$dflt)
    $v0                                      0x00002992   Number         0  dflt_clz.o(x$fpl$dflt)
    x$fpl$dleqf                              0x000029c0   Section      120  dleqf.o(x$fpl$dleqf)
    $v0                                      0x000029c0   Number         0  dleqf.o(x$fpl$dleqf)
    x$fpl$dmul                               0x00002a38   Section      340  dmul.o(x$fpl$dmul)
    $v0                                      0x00002a38   Number         0  dmul.o(x$fpl$dmul)
    x$fpl$dnaninf                            0x00002b8c   Section      156  dnaninf.o(x$fpl$dnaninf)
    $v0                                      0x00002b8c   Number         0  dnaninf.o(x$fpl$dnaninf)
    x$fpl$dretinf                            0x00002c28   Section       12  dretinf.o(x$fpl$dretinf)
    $v0                                      0x00002c28   Number         0  dretinf.o(x$fpl$dretinf)
    x$fpl$drsb                               0x00002c34   Section       22  daddsub_clz.o(x$fpl$drsb)
    $v0                                      0x00002c34   Number         0  daddsub_clz.o(x$fpl$drsb)
    x$fpl$dsub                               0x00002c4c   Section      468  daddsub_clz.o(x$fpl$dsub)
    $v0                                      0x00002c4c   Number         0  daddsub_clz.o(x$fpl$dsub)
    _dsub1                                   0x00002c5d   Thumb Code     0  daddsub_clz.o(x$fpl$dsub)
    x$fpl$f2d                                0x00002e20   Section       86  f2d.o(x$fpl$f2d)
    $v0                                      0x00002e20   Number         0  f2d.o(x$fpl$f2d)
    x$fpl$ffltll                             0x00002e76   Section       96  ffltll_clz.o(x$fpl$ffltll)
    $v0                                      0x00002e76   Number         0  ffltll_clz.o(x$fpl$ffltll)
    x$fpl$fnaninf                            0x00002ed6   Section      140  fnaninf.o(x$fpl$fnaninf)
    $v0                                      0x00002ed6   Number         0  fnaninf.o(x$fpl$fnaninf)
    x$fpl$fpinit                             0x00002f62   Section       10  fpinit.o(x$fpl$fpinit)
    $v0                                      0x00002f62   Number         0  fpinit.o(x$fpl$fpinit)
    x$fpl$fretinf                            0x00002f6c   Section       10  fretinf.o(x$fpl$fretinf)
    $v0                                      0x00002f6c   Number         0  fretinf.o(x$fpl$fretinf)
    x$fpl$usenofp                            0x00002f76   Section        0  usenofp.o(x$fpl$usenofp)
    .constdata                               0x00002f78   Section       24  psk_interrupt.o(.constdata)
    .constdata                               0x00002f90   Section       80  psk_usart.o(.constdata)
    .constdata                               0x00002fe0   Section      144  interrupt.o(.constdata)
    g_pulEnRegs                              0x00002fe0   Data           8  interrupt.o(.constdata)
    g_pulDisRegs                             0x00002fe8   Data           8  interrupt.o(.constdata)
    g_pulPendRegs                            0x00002ff0   Data           8  interrupt.o(.constdata)
    g_pulUnpendRegs                          0x00002ff8   Data           8  interrupt.o(.constdata)
    g_pulPriority                            0x00003000   Data          32  interrupt.o(.constdata)
    g_pulRegs                                0x00003020   Data          80  interrupt.o(.constdata)
    .data                                    0x20000000   Section       24  psk_delay.o(.data)
    aclk                                     0x20000000   Data           4  psk_delay.o(.data)
    mclk                                     0x20000004   Data           4  psk_delay.o(.data)
    smclk                                    0x20000008   Data           4  psk_delay.o(.data)
    hsmclk                                   0x2000000c   Data           4  psk_delay.o(.data)
    bclk                                     0x20000010   Data           4  psk_delay.o(.data)
    .data                                    0x20000018   Section       16  psk_interrupt.o(.data)
    timer                                    0x20000020   Data           4  psk_interrupt.o(.data)
    time_count                               0x20000024   Data           4  psk_interrupt.o(.data)
    .data                                    0x20000028   Section       32  psk_motor_control.o(.data)
    .data                                    0x20000048   Section       28  huidu.o(.data)
    last_error                               0x20000058   Data           4  huidu.o(.data)
    last_speed                               0x2000005c   Data           4  huidu.o(.data)
    .data                                    0x20000064   Section       36  jy901s.o(.data)
    ucRxCnt                                  0x20000064   Data           1  jy901s.o(.data)
    .data                                    0x20000088   Section       28  ycz_distance.o(.data)
    last_car_distance                        0x20000094   Data           4  ycz_distance.o(.data)
    last_err                                 0x20000098   Data           4  ycz_distance.o(.data)
    .data                                    0x200000a4   Section        4  ycz_distance.o(.data)
    .data                                    0x200000a8   Section        8  ycz_communicate.o(.data)
    ucRxCnt                                  0x200000a8   Data           1  ycz_communicate.o(.data)
    .data                                    0x200000b0   Section       13  ultrasonic.o(.data)
    .data                                    0x200000c0   Section       16  led_beep.o(.data)
    buzzer_count                             0x200000c0   Data           4  led_beep.o(.data)
    led_count                                0x200000c4   Data           4  led_beep.o(.data)
    .data                                    0x200000d0   Section        4  led_beep.o(.data)
    .data                                    0x200000d4   Section       20  mission.o(.data)
    temp_speed_1                             0x200000dc   Data           4  mission.o(.data)
    temp_speed_2                             0x200000e0   Data           4  mission.o(.data)
    temp_basic_speed                         0x200000e4   Data           4  mission.o(.data)
    .data                                    0x200000e8   Section        4  condition.o(.data)
    .data                                    0x200000ec   Section        8  cs.o(.data)
    hfxtFreq                                 0x200000ec   Data           4  cs.o(.data)
    lfxtFreq                                 0x200000f0   Data           4  cs.o(.data)
    .bss                                     0x200000f4   Section       76  pid.o(.bss)
    .bss                                     0x20000140   Section       76  pid.o(.bss)
    .bss                                     0x2000018c   Section       76  pid.o(.bss)
    .bss                                     0x200001d8   Section       76  pid.o(.bss)
    .bss                                     0x20000224   Section       76  pid.o(.bss)
    .bss                                     0x20000270   Section      200  psk_usart.o(.bss)
    .bss                                     0x20000338   Section       24  huidu.o(.bss)
    .bss                                     0x20000350   Section      250  jy901s.o(.bss)
    ucRxBuffer                               0x20000350   Data         250  jy901s.o(.bss)
    .bss                                     0x2000044a   Section      250  ycz_communicate.o(.bss)
    ucRxBuffer                               0x2000044a   Data         250  ycz_communicate.o(.bss)
    .bss                                     0x20000544   Section       96  libspace.o(.bss)
    HEAP                                     0x200005a8   Section        0  startup_msp432p401r_uvision.o(HEAP)
    STACK                                    0x200005a8   Section      512  startup_msp432p401r_uvision.o(STACK)
    Heap_Mem                                 0x200005a8   Data           0  startup_msp432p401r_uvision.o(HEAP)
    Stack_Mem                                0x200005a8   Data         512  startup_msp432p401r_uvision.o(STACK)
    __initial_sp                             0x200007a8   Data           0  startup_msp432p401r_uvision.o(STACK)

    Global Symbols

    Symbol Name                              Value     Ov Type        Size  Object(Section)

    BuildAttributes$$THM_ISAv4$E$P$D$K$B$S$7EM$VFPi3$EXTD16$VFPS$VFMA$PE$A:L22UL41UL21$X:L11$S22US41US21$IEEE1$IW$USESV6$~STKCKD$USESV7$~SHL$OTIME$ROPI$IEEEX$EBA8$UX$STANDARDLIB$REQ8$PRES8$EABIv2 0x00000000   Number         0  anon$$obj.o ABSOLUTE
    __ARM_use_no_argv                        0x00000000   Number         0  main.o ABSOLUTE
    __Vectors                                0x00000000   Data           4  startup_msp432p401r_uvision.o(RESET)
    __ARM_exceptions_init                     - Undefined Weak Reference
    __alloca_initialize                       - Undefined Weak Reference
    __arm_fini_                               - Undefined Weak Reference
    __arm_preinit_                            - Undefined Weak Reference
    __cpp_initialize__aeabi_                  - Undefined Weak Reference
    __cxa_finalize                            - Undefined Weak Reference
    __rt_locale                               - Undefined Weak Reference
    __sigvec_lookup                           - Undefined Weak Reference
    _atexit_init                              - Undefined Weak Reference
    _call_atexit_fns                          - Undefined Weak Reference
    _clock_init                               - Undefined Weak Reference
    _fp_trap_init                             - Undefined Weak Reference
    _fp_trap_shutdown                         - Undefined Weak Reference
    _get_lc_collate                           - Undefined Weak Reference
    _get_lc_ctype                             - Undefined Weak Reference
    _get_lc_monetary                          - Undefined Weak Reference
    _get_lc_numeric                           - Undefined Weak Reference
    _get_lc_time                              - Undefined Weak Reference
    _getenv_init                              - Undefined Weak Reference
    _handle_redirection                       - Undefined Weak Reference
    _init_alloc                               - Undefined Weak Reference
    _init_user_alloc                          - Undefined Weak Reference
    _initio                                   - Undefined Weak Reference
    _rand_init                                - Undefined Weak Reference
    _signal_finish                            - Undefined Weak Reference
    _signal_init                              - Undefined Weak Reference
    _terminate_alloc                          - Undefined Weak Reference
    _terminate_user_alloc                     - Undefined Weak Reference
    _terminateio                              - Undefined Weak Reference
    __Vectors_End                            0x00000144   Data           0  startup_msp432p401r_uvision.o(RESET)
    __Vectors_Size                           0x00000144   Number         0  startup_msp432p401r_uvision.o ABSOLUTE
    __main                                   0x00000145   Thumb Code     8  __main.o(!!!main)
    __scatterload                            0x0000014d   Thumb Code     0  __scatter.o(!!!scatter)
    __scatterload_rt2                        0x0000014d   Thumb Code    44  __scatter.o(!!!scatter)
    __scatterload_rt2_thumb_only             0x0000014d   Thumb Code     0  __scatter.o(!!!scatter)
    __scatterload_null                       0x0000015b   Thumb Code     0  __scatter.o(!!!scatter)
    __scatterload_copy                       0x00000181   Thumb Code    26  __scatter_copy.o(!!handler_copy)
    __scatterload_zeroinit                   0x0000019d   Thumb Code    28  __scatter_zi.o(!!handler_zi)
    __rt_lib_init                            0x000001b9   Thumb Code     0  libinit.o(.ARM.Collect$$libinit$$00000000)
    __rt_lib_init_fp_1                       0x000001bb   Thumb Code     0  libinit2.o(.ARM.Collect$$libinit$$00000001)
    __rt_lib_init_alloca_1                   0x000001bf   Thumb Code     0  libinit2.o(.ARM.Collect$$libinit$$0000002E)
    __rt_lib_init_argv_1                     0x000001bf   Thumb Code     0  libinit2.o(.ARM.Collect$$libinit$$0000002C)
    __rt_lib_init_atexit_1                   0x000001bf   Thumb Code     0  libinit2.o(.ARM.Collect$$libinit$$0000001B)
    __rt_lib_init_clock_1                    0x000001bf   Thumb Code     0  libinit2.o(.ARM.Collect$$libinit$$00000021)
    __rt_lib_init_cpp_1                      0x000001bf   Thumb Code     0  libinit2.o(.ARM.Collect$$libinit$$00000032)
    __rt_lib_init_exceptions_1               0x000001bf   Thumb Code     0  libinit2.o(.ARM.Collect$$libinit$$00000030)
    __rt_lib_init_fp_trap_1                  0x000001bf   Thumb Code     0  libinit2.o(.ARM.Collect$$libinit$$0000001F)
    __rt_lib_init_getenv_1                   0x000001bf   Thumb Code     0  libinit2.o(.ARM.Collect$$libinit$$00000023)
    __rt_lib_init_heap_1                     0x000001bf   Thumb Code     0  libinit2.o(.ARM.Collect$$libinit$$0000000A)
    __rt_lib_init_lc_collate_1               0x000001bf   Thumb Code     0  libinit2.o(.ARM.Collect$$libinit$$00000011)
    __rt_lib_init_lc_ctype_1                 0x000001bf   Thumb Code     0  libinit2.o(.ARM.Collect$$libinit$$00000013)
    __rt_lib_init_lc_monetary_1              0x000001bf   Thumb Code     0  libinit2.o(.ARM.Collect$$libinit$$00000015)
    __rt_lib_init_lc_numeric_1               0x000001bf   Thumb Code     0  libinit2.o(.ARM.Collect$$libinit$$00000017)
    __rt_lib_init_lc_time_1                  0x000001bf   Thumb Code     0  libinit2.o(.ARM.Collect$$libinit$$00000019)
    __rt_lib_init_preinit_1                  0x000001bf   Thumb Code     0  libinit2.o(.ARM.Collect$$libinit$$00000004)
    __rt_lib_init_rand_1                     0x000001bf   Thumb Code     0  libinit2.o(.ARM.Collect$$libinit$$0000000E)
    __rt_lib_init_return                     0x000001bf   Thumb Code     0  libinit2.o(.ARM.Collect$$libinit$$00000033)
    __rt_lib_init_signal_1                   0x000001bf   Thumb Code     0  libinit2.o(.ARM.Collect$$libinit$$0000001D)
    __rt_lib_init_stdio_1                    0x000001bf   Thumb Code     0  libinit2.o(.ARM.Collect$$libinit$$00000025)
    __rt_lib_init_user_alloc_1               0x000001bf   Thumb Code     0  libinit2.o(.ARM.Collect$$libinit$$0000000C)
    __rt_lib_shutdown                        0x000001c1   Thumb Code     0  libshutdown.o(.ARM.Collect$$libshutdown$$00000000)
    __rt_lib_shutdown_cpp_1                  0x000001c3   Thumb Code     0  libshutdown2.o(.ARM.Collect$$libshutdown$$00000004)
    __rt_lib_shutdown_fini_1                 0x000001c3   Thumb Code     0  libshutdown2.o(.ARM.Collect$$libshutdown$$00000002)
    __rt_lib_shutdown_fp_trap_1              0x000001c3   Thumb Code     0  libshutdown2.o(.ARM.Collect$$libshutdown$$00000009)
    __rt_lib_shutdown_heap_1                 0x000001c3   Thumb Code     0  libshutdown2.o(.ARM.Collect$$libshutdown$$00000011)
    __rt_lib_shutdown_return                 0x000001c3   Thumb Code     0  libshutdown2.o(.ARM.Collect$$libshutdown$$00000012)
    __rt_lib_shutdown_signal_1               0x000001c3   Thumb Code     0  libshutdown2.o(.ARM.Collect$$libshutdown$$0000000C)
    __rt_lib_shutdown_stdio_1                0x000001c3   Thumb Code     0  libshutdown2.o(.ARM.Collect$$libshutdown$$00000006)
    __rt_lib_shutdown_user_alloc_1           0x000001c3   Thumb Code     0  libshutdown2.o(.ARM.Collect$$libshutdown$$0000000E)
    __rt_entry                               0x000001c5   Thumb Code     0  __rtentry.o(.ARM.Collect$$rtentry$$00000000)
    __rt_entry_presh_1                       0x000001c5   Thumb Code     0  __rtentry2.o(.ARM.Collect$$rtentry$$00000002)
    __rt_entry_sh                            0x000001c5   Thumb Code     0  __rtentry4.o(.ARM.Collect$$rtentry$$00000004)
    __rt_entry_li                            0x000001cb   Thumb Code     0  __rtentry2.o(.ARM.Collect$$rtentry$$0000000A)
    __rt_entry_postsh_1                      0x000001cb   Thumb Code     0  __rtentry2.o(.ARM.Collect$$rtentry$$00000009)
    __rt_entry_main                          0x000001cf   Thumb Code     0  __rtentry2.o(.ARM.Collect$$rtentry$$0000000D)
    __rt_entry_postli_1                      0x000001cf   Thumb Code     0  __rtentry2.o(.ARM.Collect$$rtentry$$0000000C)
    __rt_exit                                0x000001d7   Thumb Code     0  rtexit.o(.ARM.Collect$$rtexit$$00000000)
    __rt_exit_ls                             0x000001d9   Thumb Code     0  rtexit2.o(.ARM.Collect$$rtexit$$00000003)
    __rt_exit_prels_1                        0x000001d9   Thumb Code     0  rtexit2.o(.ARM.Collect$$rtexit$$00000002)
    __rt_exit_exit                           0x000001dd   Thumb Code     0  rtexit2.o(.ARM.Collect$$rtexit$$00000004)
    CPU_cpsid                                0x000001e5   Thumb Code     8  cpu.o(.emb_text)
    CPU_primask                              0x000001ed   Thumb Code     6  cpu.o(.emb_text)
    CPU_cpsie                                0x000001f3   Thumb Code     8  cpu.o(.emb_text)
    CPU_wfi                                  0x000001fb   Thumb Code     4  cpu.o(.emb_text)
    CPU_basepriSet                           0x000001ff   Thumb Code     6  cpu.o(.emb_text)
    CPU_basepriGet                           0x00000205   Thumb Code     6  cpu.o(.emb_text)
    Reset_Handler                            0x0000020d   Thumb Code     8  startup_msp432p401r_uvision.o(.text)
    NMI_Handler                              0x00000215   Thumb Code     2  startup_msp432p401r_uvision.o(.text)
    HardFault_Handler                        0x00000217   Thumb Code     2  startup_msp432p401r_uvision.o(.text)
    MemManage_Handler                        0x00000219   Thumb Code     2  startup_msp432p401r_uvision.o(.text)
    BusFault_Handler                         0x0000021b   Thumb Code     2  startup_msp432p401r_uvision.o(.text)
    UsageFault_Handler                       0x0000021d   Thumb Code     2  startup_msp432p401r_uvision.o(.text)
    SVC_Handler                              0x0000021f   Thumb Code     2  startup_msp432p401r_uvision.o(.text)
    DebugMon_Handler                         0x00000221   Thumb Code     2  startup_msp432p401r_uvision.o(.text)
    PendSV_Handler                           0x00000223   Thumb Code     2  startup_msp432p401r_uvision.o(.text)
    ADC14_IRQHandler                         0x00000227   Thumb Code     0  startup_msp432p401r_uvision.o(.text)
    AES256_IRQHandler                        0x00000227   Thumb Code     0  startup_msp432p401r_uvision.o(.text)
    COMP_E0_IRQHandler                       0x00000227   Thumb Code     0  startup_msp432p401r_uvision.o(.text)
    COMP_E1_IRQHandler                       0x00000227   Thumb Code     0  startup_msp432p401r_uvision.o(.text)
    CS_IRQHandler                            0x00000227   Thumb Code     0  startup_msp432p401r_uvision.o(.text)
    DMA_ERR_IRQHandler                       0x00000227   Thumb Code     0  startup_msp432p401r_uvision.o(.text)
    DMA_INT0_IRQHandler                      0x00000227   Thumb Code     0  startup_msp432p401r_uvision.o(.text)
    DMA_INT1_IRQHandler                      0x00000227   Thumb Code     0  startup_msp432p401r_uvision.o(.text)
    DMA_INT2_IRQHandler                      0x00000227   Thumb Code     0  startup_msp432p401r_uvision.o(.text)
    DMA_INT3_IRQHandler                      0x00000227   Thumb Code     0  startup_msp432p401r_uvision.o(.text)
    EUSCIA0_IRQHandler                       0x00000227   Thumb Code     0  startup_msp432p401r_uvision.o(.text)
    EUSCIB0_IRQHandler                       0x00000227   Thumb Code     0  startup_msp432p401r_uvision.o(.text)
    EUSCIB1_IRQHandler                       0x00000227   Thumb Code     0  startup_msp432p401r_uvision.o(.text)
    EUSCIB2_IRQHandler                       0x00000227   Thumb Code     0  startup_msp432p401r_uvision.o(.text)
    EUSCIB3_IRQHandler                       0x00000227   Thumb Code     0  startup_msp432p401r_uvision.o(.text)
    FLCTL_IRQHandler                         0x00000227   Thumb Code     0  startup_msp432p401r_uvision.o(.text)
    FPU_IRQHandler                           0x00000227   Thumb Code     0  startup_msp432p401r_uvision.o(.text)
    PCM_IRQHandler                           0x00000227   Thumb Code     0  startup_msp432p401r_uvision.o(.text)
    PORT2_IRQHandler                         0x00000227   Thumb Code     0  startup_msp432p401r_uvision.o(.text)
    PORT3_IRQHandler                         0x00000227   Thumb Code     0  startup_msp432p401r_uvision.o(.text)
    PORT6_IRQHandler                         0x00000227   Thumb Code     0  startup_msp432p401r_uvision.o(.text)
    PSS_IRQHandler                           0x00000227   Thumb Code     0  startup_msp432p401r_uvision.o(.text)
    RTC_C_IRQHandler                         0x00000227   Thumb Code     0  startup_msp432p401r_uvision.o(.text)
    T32_INT1_IRQHandler                      0x00000227   Thumb Code     0  startup_msp432p401r_uvision.o(.text)
    T32_INT2_IRQHandler                      0x00000227   Thumb Code     0  startup_msp432p401r_uvision.o(.text)
    T32_INTC_IRQHandler                      0x00000227   Thumb Code     0  startup_msp432p401r_uvision.o(.text)
    TA0_0_IRQHandler                         0x00000227   Thumb Code     0  startup_msp432p401r_uvision.o(.text)
    TA0_N_IRQHandler                         0x00000227   Thumb Code     0  startup_msp432p401r_uvision.o(.text)
    TA1_0_IRQHandler                         0x00000227   Thumb Code     0  startup_msp432p401r_uvision.o(.text)
    TA1_N_IRQHandler                         0x00000227   Thumb Code     0  startup_msp432p401r_uvision.o(.text)
    TA2_0_IRQHandler                         0x00000227   Thumb Code     0  startup_msp432p401r_uvision.o(.text)
    TA2_N_IRQHandler                         0x00000227   Thumb Code     0  startup_msp432p401r_uvision.o(.text)
    TA3_N_IRQHandler                         0x00000227   Thumb Code     0  startup_msp432p401r_uvision.o(.text)
    WDT_A_IRQHandler                         0x00000227   Thumb Code     0  startup_msp432p401r_uvision.o(.text)
    __user_initial_stackheap                 0x00000229   Thumb Code    10  startup_msp432p401r_uvision.o(.text)
    __aeabi_memcpy                           0x00000249   Thumb Code     0  rt_memcpy_v6.o(.text)
    __rt_memcpy                              0x00000249   Thumb Code   138  rt_memcpy_v6.o(.text)
    _memcpy_lastbytes                        0x000002af   Thumb Code     0  rt_memcpy_v6.o(.text)
    __aeabi_memclr4                          0x000002d3   Thumb Code     0  rt_memclr_w.o(.text)
    __aeabi_memclr8                          0x000002d3   Thumb Code     0  rt_memclr_w.o(.text)
    __rt_memclr_w                            0x000002d3   Thumb Code    78  rt_memclr_w.o(.text)
    _memset_w                                0x000002d7   Thumb Code     0  rt_memclr_w.o(.text)
    __use_two_region_memory                  0x00000321   Thumb Code     2  heapauxi.o(.text)
    __rt_heap_escrow$2region                 0x00000323   Thumb Code     2  heapauxi.o(.text)
    __rt_heap_expand$2region                 0x00000325   Thumb Code     2  heapauxi.o(.text)
    __aeabi_memcpy4                          0x00000327   Thumb Code     0  rt_memcpy_w.o(.text)
    __aeabi_memcpy8                          0x00000327   Thumb Code     0  rt_memcpy_w.o(.text)
    __rt_memcpy_w                            0x00000327   Thumb Code   100  rt_memcpy_w.o(.text)
    _memcpy_lastbytes_aligned                0x0000036f   Thumb Code     0  rt_memcpy_w.o(.text)
    __user_libspace                          0x0000038d   Thumb Code     8  libspace.o(.text)
    __user_perproc_libspace                  0x0000038d   Thumb Code     0  libspace.o(.text)
    __user_perthread_libspace                0x0000038d   Thumb Code     0  libspace.o(.text)
    __user_setup_stackheap                   0x00000395   Thumb Code    74  sys_stackheap_outer.o(.text)
    exit                                     0x000003df   Thumb Code    18  exit.o(.text)
    _sys_exit                                0x000003f1   Thumb Code     8  sys_exit.o(.text)
    __I$use$semihosting                      0x000003fd   Thumb Code     0  use_no_semi.o(.text)
    __use_no_semihosting_swi                 0x000003fd   Thumb Code     2  use_no_semi.o(.text)
    __semihosting_library_function           0x000003ff   Thumb Code     0  indicate_semi.o(.text)
    CS_clearInterruptFlag                    0x00000401   Thumb Code    26  cs.o(i.CS_clearInterruptFlag)
    CS_getACLK                               0x00000425   Thumb Code    20  cs.o(i.CS_getACLK)
    CS_getBCLK                               0x0000043d   Thumb Code    22  cs.o(i.CS_getBCLK)
    CS_getDCOFrequency                       0x00000459   Thumb Code   234  cs.o(i.CS_getDCOFrequency)
    CS_getHSMCLK                             0x00000565   Thumb Code    20  cs.o(i.CS_getHSMCLK)
    CS_getMCLK                               0x0000057d   Thumb Code    20  cs.o(i.CS_getMCLK)
    CS_getSMCLK                              0x00000595   Thumb Code    18  cs.o(i.CS_getSMCLK)
    CS_setDCOCenteredFrequency               0x000005ad   Thumb Code    28  cs.o(i.CS_setDCOCenteredFrequency)
    EUSCIA1_IRQHandler                       0x000005d1   Thumb Code    44  psk_usart.o(i.EUSCIA1_IRQHandler)
    EUSCIA2_IRQHandler                       0x00000605   Thumb Code    36  psk_usart.o(i.EUSCIA2_IRQHandler)
    EUSCIA3_IRQHandler                       0x00000631   Thumb Code    44  psk_usart.o(i.EUSCIA3_IRQHandler)
    FlashCtl_setWaitState                    0x00000665   Thumb Code    36  flash.o(i.FlashCtl_setWaitState)
    GPIO_INIT_IT                             0x0000068d   Thumb Code    78  psk_interrupt.o(i.GPIO_INIT_IT)
    IIC_Wait_Ack                             0x000006e5   Thumb Code    20  psk_oled.o(i.IIC_Wait_Ack)
    Interrupt_enableInterrupt                0x000006fd   Thumb Code    84  interrupt.o(i.Interrupt_enableInterrupt)
    Interrupt_enableMaster                   0x00000759   Thumb Code    14  interrupt.o(i.Interrupt_enableMaster)
    Mission_1                                0x00000769   Thumb Code    24  mission.o(i.Mission_1)
    Mission_3                                0x00000789   Thumb Code   330  mission.o(i.Mission_3)
    Mission_4                                0x00000919   Thumb Code   128  mission.o(i.Mission_4)
    Mission_5                                0x000009b5   Thumb Code   106  mission.o(i.Mission_5)
    Mission_6                                0x00000a41   Thumb Code   154  mission.o(i.Mission_6)
    OLED_Clear                               0x00000b09   Thumb Code    58  psk_oled.o(i.OLED_Clear)
    OLED_IIC_Start                           0x00000b45   Thumb Code    36  psk_oled.o(i.OLED_IIC_Start)
    OLED_IIC_Stop                            0x00000b6d   Thumb Code    28  psk_oled.o(i.OLED_IIC_Stop)
    OLED_Init                                0x00000b8d   Thumb Code   238  psk_oled.o(i.OLED_Init)
    OLED_WR_Byte                             0x00000c81   Thumb Code    12  psk_oled.o(i.OLED_WR_Byte)
    PID_struct_init                          0x00000c8d   Thumb Code    60  pid.o(i.PID_struct_init)
    PORT1_IRQHandler                         0x00000cd1   Thumb Code    26  psk_interrupt.o(i.PORT1_IRQHandler)
    PORT4_IRQHandler                         0x00000cf1   Thumb Code   142  psk_interrupt.o(i.PORT4_IRQHandler)
    PORT5_IRQHandler                         0x00000d99   Thumb Code    26  psk_interrupt.o(i.PORT5_IRQHandler)
    SysCtl_A_getTLVInfo                      0x00000db9   Thumb Code    64  sysctl_a.o(i.SysCtl_A_getTLVInfo)
    SysTick_Handler                          0x00000e01   Thumb Code    10  psk_delay.o(i.SysTick_Handler)
    SystemInit                               0x00000e11   Thumb Code    76  system_msp432p401r.o(i.SystemInit)
    TA0_4PWM_INIT                            0x00000e71   Thumb Code    76  psk_pwm.o(i.TA0_4PWM_INIT)
    TA1_4PWM_INIT                            0x00000ec1   Thumb Code    98  psk_pwm.o(i.TA1_4PWM_INIT)
    TA3_0_IRQHandler                         0x00000f2d   Thumb Code   152  psk_interrupt.o(i.TA3_0_IRQHandler)
    TA3_IT_INIT                              0x00000fed   Thumb Code    44  psk_interrupt.o(i.TA3_IT_INIT)
    Timer_A_clearCaptureCompareInterrupt     0x00001021   Thumb Code    26  timer_a.o(i.Timer_A_clearCaptureCompareInterrupt)
    Timer_A_clearTimer                       0x0000103b   Thumb Code    12  timer_a.o(i.Timer_A_clearTimer)
    Timer_A_configureUpMode                  0x00001047   Thumb Code    70  timer_a.o(i.Timer_A_configureUpMode)
    Timer_A_startCounter                     0x0000108d   Thumb Code     8  timer_a.o(i.Timer_A_startCounter)
    UART_getEnabledInterruptStatus           0x00001095   Thumb Code    38  uart.o(i.UART_getEnabledInterruptStatus)
    UART_initModule                          0x000010bb   Thumb Code   146  uart.o(i.UART_initModule)
    USART0_DEBUG_INIT                        0x0000114d   Thumb Code    42  psk_usart.o(i.USART0_DEBUG_INIT)
    USART0_DEBUG_SEND                        0x00001185   Thumb Code    28  psk_usart.o(i.USART0_DEBUG_SEND)
    USART1_INIT                              0x000011a9   Thumb Code    70  psk_usart.o(i.USART1_INIT)
    USART2_INIT                              0x000011fd   Thumb Code    70  psk_usart.o(i.USART2_INIT)
    USART3_INIT                              0x00001251   Thumb Code    70  psk_usart.o(i.USART3_INIT)
    Write_IIC_Byte                           0x000012a5   Thumb Code    64  psk_oled.o(i.Write_IIC_Byte)
    Write_IIC_Command                        0x000012e9   Thumb Code    46  psk_oled.o(i.Write_IIC_Command)
    Write_IIC_Data                           0x00001317   Thumb Code    46  psk_oled.o(i.Write_IIC_Data)
    abs_limit                                0x00001405   Thumb Code    42  pid.o(i.abs_limit)
    buzzer_bbbi                              0x00001431   Thumb Code    48  led_beep.o(i.buzzer_bbbi)
    calc_disLoop_speed                       0x00001469   Thumb Code    98  ycz_distance.o(i.calc_disLoop_speed)
    calc_distance                            0x000014e9   Thumb Code    54  ycz_distance.o(i.calc_distance)
    communicate_handler                      0x00001535   Thumb Code   144  ycz_communicate.o(i.communicate_handler)
    delay_ms                                 0x000015ed   Thumb Code    22  psk_delay.o(i.delay_ms)
    delay_us                                 0x00001603   Thumb Code    18  psk_delay.o(i.delay_us)
    distance_calc                            0x00001615   Thumb Code    42  psk_motor_control.o(i.distance_calc)
    huidu_get_error                          0x00001651   Thumb Code   476  huidu.o(i.huidu_get_error)
    huidu_io_init                            0x00001851   Thumb Code    52  huidu.o(i.huidu_io_init)
    jy901s_handler                           0x00001889   Thumb Code   110  jy901s.o(i.jy901s_handler)
    led_lignt_ctl                            0x00001901   Thumb Code    80  led_beep.o(i.led_lignt_ctl)
    main                                     0x00001959   Thumb Code   618  main.o(i.main)
    no_used_initial                          0x00001c51   Thumb Code     2  psk_delay.o(i.no_used_initial)
    number_conversion_ascii                  0x00001c53   Thumb Code    78  seekfree_printf.o(i.number_conversion_ascii)
    pid_calc                                 0x00001ca1   Thumb Code   326  pid.o(i.pid_calc)
    pid_set                                  0x00001e1d   Thumb Code   498  psk_motor_control.o(i.pid_set)
    printf_reverse_order                     0x00002035   Thumb Code    30  seekfree_printf.o(i.printf_reverse_order)
    sensor_read                              0x00002109   Thumb Code    20  huidu.o(i.sensor_read)
    set_speed_back                           0x00002121   Thumb Code   196  psk_motor_control.o(i.set_speed_back)
    set_speed_front                          0x000021f5   Thumb Code   208  psk_motor_control.o(i.set_speed_front)
    slave_task                               0x000022d9   Thumb Code   112  mission.o(i.slave_task)
    sys_init                                 0x00002355   Thumb Code   122  psk_delay.o(i.sys_init)
    uart_handler                             0x000023d9   Thumb Code    78  ultrasonic.o(i.uart_handler)
    until_distance                           0x00002435   Thumb Code    44  psk_motor_control.o(i.until_distance)
    wait_for_condition                       0x00002461   Thumb Code   114  condition.o(i.wait_for_condition)
    zf_sprintf                               0x000024dd   Thumb Code   516  seekfree_printf.o(i.zf_sprintf)
    __aeabi_d2f                              0x000026f1   Thumb Code     0  d2f.o(x$fpl$d2f)
    _d2f                                     0x000026f1   Thumb Code    98  d2f.o(x$fpl$d2f)
    __aeabi_dadd                             0x00002755   Thumb Code     0  daddsub_clz.o(x$fpl$dadd)
    _dadd                                    0x00002755   Thumb Code   332  daddsub_clz.o(x$fpl$dadd)
    __fpl_dcmp_Inf                           0x000028a5   Thumb Code    24  dcmpi.o(x$fpl$dcmpinf)
    __aeabi_cdcmpeq                          0x000028bd   Thumb Code     0  deqf.o(x$fpl$deqf)
    _dcmpeq                                  0x000028bd   Thumb Code   120  deqf.o(x$fpl$deqf)
    __aeabi_d2iz                             0x00002935   Thumb Code     0  dfix.o(x$fpl$dfix)
    _dfix                                    0x00002935   Thumb Code    94  dfix.o(x$fpl$dfix)
    __aeabi_i2d                              0x00002993   Thumb Code     0  dflt_clz.o(x$fpl$dflt)
    _dflt                                    0x00002993   Thumb Code    46  dflt_clz.o(x$fpl$dflt)
    __aeabi_cdcmple                          0x000029c1   Thumb Code     0  dleqf.o(x$fpl$dleqf)
    _dcmple                                  0x000029c1   Thumb Code   120  dleqf.o(x$fpl$dleqf)
    __fpl_dcmple_InfNaN                      0x00002a23   Thumb Code     0  dleqf.o(x$fpl$dleqf)
    __aeabi_dmul                             0x00002a39   Thumb Code     0  dmul.o(x$fpl$dmul)
    _dmul                                    0x00002a39   Thumb Code   332  dmul.o(x$fpl$dmul)
    __fpl_dnaninf                            0x00002b8d   Thumb Code   156  dnaninf.o(x$fpl$dnaninf)
    __fpl_dretinf                            0x00002c29   Thumb Code    12  dretinf.o(x$fpl$dretinf)
    __aeabi_drsub                            0x00002c35   Thumb Code     0  daddsub_clz.o(x$fpl$drsb)
    _drsb                                    0x00002c35   Thumb Code    22  daddsub_clz.o(x$fpl$drsb)
    __aeabi_dsub                             0x00002c4d   Thumb Code     0  daddsub_clz.o(x$fpl$dsub)
    _dsub                                    0x00002c4d   Thumb Code   464  daddsub_clz.o(x$fpl$dsub)
    __aeabi_f2d                              0x00002e21   Thumb Code     0  f2d.o(x$fpl$f2d)
    _f2d                                     0x00002e21   Thumb Code    86  f2d.o(x$fpl$f2d)
    __aeabi_ul2f                             0x00002e77   Thumb Code     0  ffltll_clz.o(x$fpl$ffltll)
    _ll_uto_f                                0x00002e77   Thumb Code     6  ffltll_clz.o(x$fpl$ffltll)
    __aeabi_l2f                              0x00002e7d   Thumb Code     0  ffltll_clz.o(x$fpl$ffltll)
    _ll_sto_f                                0x00002e7d   Thumb Code    90  ffltll_clz.o(x$fpl$ffltll)
    __fpl_fnaninf                            0x00002ed7   Thumb Code   140  fnaninf.o(x$fpl$fnaninf)
    _fp_init                                 0x00002f63   Thumb Code    10  fpinit.o(x$fpl$fpinit)
    __fplib_config_fpu_vfp                   0x00002f6b   Thumb Code     0  fpinit.o(x$fpl$fpinit)
    __fplib_config_pureend_doubles           0x00002f6b   Thumb Code     0  fpinit.o(x$fpl$fpinit)
    __fpl_fretinf                            0x00002f6d   Thumb Code    10  fretinf.o(x$fpl$fretinf)
    __I$use$fp                               0x00002f76   Number         0  usenofp.o(x$fpl$usenofp)
    upConfig                                 0x00002f78   Data          24  psk_interrupt.o(.constdata)
    uartConfig                               0x00002f90   Data          40  psk_usart.o(.constdata)
    uartConfig_9600                          0x00002fb8   Data          40  psk_usart.o(.constdata)
    Region$$Table$$Base                      0x00003070   Number         0  anon$$obj.o(Region$$Table)
    Region$$Table$$Limit                     0x00003090   Number         0  anon$$obj.o(Region$$Table)
    sysTickCount                             0x20000014   Data           4  psk_delay.o(.data)
    clac_speed                               0x20000018   Data           4  psk_interrupt.o(.data)
    control_speed                            0x2000001c   Data           4  psk_interrupt.o(.data)
    encode_lb                                0x20000028   Data           4  psk_motor_control.o(.data)
    encode_rb                                0x2000002c   Data           4  psk_motor_control.o(.data)
    encode_lf                                0x20000030   Data           4  psk_motor_control.o(.data)
    encode_rf                                0x20000034   Data           4  psk_motor_control.o(.data)
    encode_100ms_total                       0x20000038   Data           4  psk_motor_control.o(.data)
    basic_speed                              0x2000003c   Data           4  psk_motor_control.o(.data)
    encode_total                             0x20000040   Data           8  psk_motor_control.o(.data)
    huifdu_flags                             0x20000048   Data           2  huidu.o(.data)
    t_a                                      0x2000004c   Data           4  huidu.o(.data)
    t_b                                      0x20000050   Data           4  huidu.o(.data)
    t_c                                      0x20000054   Data           4  huidu.o(.data)
    huidu_error                              0x20000060   Data           4  huidu.o(.data)
    damping                                  0x20000068   Data           4  jy901s.o(.data)
    diansai_z_kp                             0x2000006c   Data           4  jy901s.o(.data)
    stcAcc                                   0x20000070   Data           8  jy901s.o(.data)
    stcGyro                                  0x20000078   Data           8  jy901s.o(.data)
    stcAngle                                 0x20000080   Data           8  jy901s.o(.data)
    disLoop_kp                               0x20000088   Data           4  ycz_distance.o(.data)
    disLoop_kd                               0x2000008c   Data           4  ycz_distance.o(.data)
    target_dis                               0x20000090   Data           4  ycz_distance.o(.data)
    car_distance                             0x2000009c   Data           4  ycz_distance.o(.data)
    my_speed                                 0x200000a0   Data           4  ycz_distance.o(.data)
    disLoop_speed                            0x200000a4   Data           4  ycz_distance.o(.data)
    others_speed                             0x200000ac   Data           4  ycz_communicate.o(.data)
    receipt_data                             0x200000b0   Data           1  ultrasonic.o(.data)
    num                                      0x200000b1   Data           1  ultrasonic.o(.data)
    ranging_counter                          0x200000b2   Data           2  ultrasonic.o(.data)
    ultrasonic_distance                      0x200000b4   Data           4  ultrasonic.o(.data)
    dat                                      0x200000b8   Data           5  ultrasonic.o(.data)
    buzzer_bi_flag                           0x200000c8   Data           4  led_beep.o(.data)
    led_blink_flag                           0x200000cc   Data           4  led_beep.o(.data)
    time_count_flag                          0x200000d0   Data           4  led_beep.o(.data)
    stop_flag                                0x200000d4   Data           1  mission.o(.data)
    sonic_state                              0x200000d5   Data           1  mission.o(.data)
    task_state                               0x200000d6   Data           1  mission.o(.data)
    task_number                              0x200000d7   Data           1  mission.o(.data)
    task_start_flag                          0x200000d8   Data           1  mission.o(.data)
    now_condition                            0x200000e8   Data           4  condition.o(.data)
    pid_speed                                0x200000f4   Data          76  pid.o(.bss)
    pid_lb                                   0x20000140   Data          76  pid.o(.bss)
    pid_rb                                   0x2000018c   Data          76  pid.o(.bss)
    pid_lf                                   0x200001d8   Data          76  pid.o(.bss)
    pid_rf                                   0x20000224   Data          76  pid.o(.bss)
    printf_temp                              0x20000270   Data         200  psk_usart.o(.bss)
    turn                                     0x20000338   Data          24  huidu.o(.bss)
    __libspace_start                         0x20000544   Data          96  libspace.o(.bss)
    __temporary_stack_top$libspace           0x200005a4   Data           0  libspace.o(.bss)



==============================================================================

Memory Map of the image

  Image Entry point : 0x00000145

  Load Region LR_IROM1 (Base: 0x00000000, Size: 0x00003184, Max: 0x00040000, ABSOLUTE)

    Execution Region ER_IROM1 (Exec base: 0x00000000, Load base: 0x00000000, Size: 0x00003090, Max: 0x00040000, ABSOLUTE)

    Exec Addr    Load Addr    Size         Type   Attr      Idx    E Section Name        Object

    0x00000000   0x00000000   0x00000144   Data   RO          319    RESET               startup_msp432p401r_uvision.o
    0x00000144   0x00000144   0x00000008   Code   RO         3222  * !!!main             c_w.l(__main.o)
    0x0000014c   0x0000014c   0x00000034   Code   RO         3487    !!!scatter          c_w.l(__scatter.o)
    0x00000180   0x00000180   0x0000001a   Code   RO         3489    !!handler_copy      c_w.l(__scatter_copy.o)
    0x0000019a   0x0000019a   0x00000002   PAD
    0x0000019c   0x0000019c   0x0000001c   Code   RO         3491    !!handler_zi        c_w.l(__scatter_zi.o)
    0x000001b8   0x000001b8   0x00000002   Code   RO         3358    .ARM.Collect$$libinit$$00000000  c_w.l(libinit.o)
    0x000001ba   0x000001ba   0x00000004   Code   RO         3361    .ARM.Collect$$libinit$$00000001  c_w.l(libinit2.o)
    0x000001be   0x000001be   0x00000000   Code   RO         3364    .ARM.Collect$$libinit$$00000004  c_w.l(libinit2.o)
    0x000001be   0x000001be   0x00000000   Code   RO         3367    .ARM.Collect$$libinit$$0000000A  c_w.l(libinit2.o)
    0x000001be   0x000001be   0x00000000   Code   RO         3369    .ARM.Collect$$libinit$$0000000C  c_w.l(libinit2.o)
    0x000001be   0x000001be   0x00000000   Code   RO         3371    .ARM.Collect$$libinit$$0000000E  c_w.l(libinit2.o)
    0x000001be   0x000001be   0x00000000   Code   RO         3374    .ARM.Collect$$libinit$$00000011  c_w.l(libinit2.o)
    0x000001be   0x000001be   0x00000000   Code   RO         3376    .ARM.Collect$$libinit$$00000013  c_w.l(libinit2.o)
    0x000001be   0x000001be   0x00000000   Code   RO         3378    .ARM.Collect$$libinit$$00000015  c_w.l(libinit2.o)
    0x000001be   0x000001be   0x00000000   Code   RO         3380    .ARM.Collect$$libinit$$00000017  c_w.l(libinit2.o)
    0x000001be   0x000001be   0x00000000   Code   RO         3382    .ARM.Collect$$libinit$$00000019  c_w.l(libinit2.o)
    0x000001be   0x000001be   0x00000000   Code   RO         3384    .ARM.Collect$$libinit$$0000001B  c_w.l(libinit2.o)
    0x000001be   0x000001be   0x00000000   Code   RO         3386    .ARM.Collect$$libinit$$0000001D  c_w.l(libinit2.o)
    0x000001be   0x000001be   0x00000000   Code   RO         3388    .ARM.Collect$$libinit$$0000001F  c_w.l(libinit2.o)
    0x000001be   0x000001be   0x00000000   Code   RO         3390    .ARM.Collect$$libinit$$00000021  c_w.l(libinit2.o)
    0x000001be   0x000001be   0x00000000   Code   RO         3392    .ARM.Collect$$libinit$$00000023  c_w.l(libinit2.o)
    0x000001be   0x000001be   0x00000000   Code   RO         3394    .ARM.Collect$$libinit$$00000025  c_w.l(libinit2.o)
    0x000001be   0x000001be   0x00000000   Code   RO         3398    .ARM.Collect$$libinit$$0000002C  c_w.l(libinit2.o)
    0x000001be   0x000001be   0x00000000   Code   RO         3400    .ARM.Collect$$libinit$$0000002E  c_w.l(libinit2.o)
    0x000001be   0x000001be   0x00000000   Code   RO         3402    .ARM.Collect$$libinit$$00000030  c_w.l(libinit2.o)
    0x000001be   0x000001be   0x00000000   Code   RO         3404    .ARM.Collect$$libinit$$00000032  c_w.l(libinit2.o)
    0x000001be   0x000001be   0x00000002   Code   RO         3405    .ARM.Collect$$libinit$$00000033  c_w.l(libinit2.o)
    0x000001c0   0x000001c0   0x00000002   Code   RO         3425    .ARM.Collect$$libshutdown$$00000000  c_w.l(libshutdown.o)
    0x000001c2   0x000001c2   0x00000000   Code   RO         3438    .ARM.Collect$$libshutdown$$00000002  c_w.l(libshutdown2.o)
    0x000001c2   0x000001c2   0x00000000   Code   RO         3440    .ARM.Collect$$libshutdown$$00000004  c_w.l(libshutdown2.o)
    0x000001c2   0x000001c2   0x00000000   Code   RO         3442    .ARM.Collect$$libshutdown$$00000006  c_w.l(libshutdown2.o)
    0x000001c2   0x000001c2   0x00000000   Code   RO         3445    .ARM.Collect$$libshutdown$$00000009  c_w.l(libshutdown2.o)
    0x000001c2   0x000001c2   0x00000000   Code   RO         3448    .ARM.Collect$$libshutdown$$0000000C  c_w.l(libshutdown2.o)
    0x000001c2   0x000001c2   0x00000000   Code   RO         3450    .ARM.Collect$$libshutdown$$0000000E  c_w.l(libshutdown2.o)
    0x000001c2   0x000001c2   0x00000000   Code   RO         3453    .ARM.Collect$$libshutdown$$00000011  c_w.l(libshutdown2.o)
    0x000001c2   0x000001c2   0x00000002   Code   RO         3454    .ARM.Collect$$libshutdown$$00000012  c_w.l(libshutdown2.o)
    0x000001c4   0x000001c4   0x00000000   Code   RO         3282    .ARM.Collect$$rtentry$$00000000  c_w.l(__rtentry.o)
    0x000001c4   0x000001c4   0x00000000   Code   RO         3327    .ARM.Collect$$rtentry$$00000002  c_w.l(__rtentry2.o)
    0x000001c4   0x000001c4   0x00000006   Code   RO         3339    .ARM.Collect$$rtentry$$00000004  c_w.l(__rtentry4.o)
    0x000001ca   0x000001ca   0x00000000   Code   RO         3329    .ARM.Collect$$rtentry$$00000009  c_w.l(__rtentry2.o)
    0x000001ca   0x000001ca   0x00000004   Code   RO         3330    .ARM.Collect$$rtentry$$0000000A  c_w.l(__rtentry2.o)
    0x000001ce   0x000001ce   0x00000000   Code   RO         3332    .ARM.Collect$$rtentry$$0000000C  c_w.l(__rtentry2.o)
    0x000001ce   0x000001ce   0x00000008   Code   RO         3333    .ARM.Collect$$rtentry$$0000000D  c_w.l(__rtentry2.o)
    0x000001d6   0x000001d6   0x00000002   Code   RO         3359    .ARM.Collect$$rtexit$$00000000  c_w.l(rtexit.o)
    0x000001d8   0x000001d8   0x00000000   Code   RO         3407    .ARM.Collect$$rtexit$$00000002  c_w.l(rtexit2.o)
    0x000001d8   0x000001d8   0x00000004   Code   RO         3408    .ARM.Collect$$rtexit$$00000003  c_w.l(rtexit2.o)
    0x000001dc   0x000001dc   0x00000006   Code   RO         3409    .ARM.Collect$$rtexit$$00000004  c_w.l(rtexit2.o)
    0x000001e2   0x000001e2   0x00000002   PAD
    0x000001e4   0x000001e4   0x00000026   Code   RO         2937    .emb_text           msp432p4xx_driverlib.lib(cpu.o)
    0x0000020a   0x0000020a   0x00000002   PAD
    0x0000020c   0x0000020c   0x0000003c   Code   RO          320    .text               startup_msp432p401r_uvision.o
    0x00000248   0x00000248   0x0000008a   Code   RO         3216    .text               c_w.l(rt_memcpy_v6.o)
    0x000002d2   0x000002d2   0x0000004e   Code   RO         3218    .text               c_w.l(rt_memclr_w.o)
    0x00000320   0x00000320   0x00000006   Code   RO         3220    .text               c_w.l(heapauxi.o)
    0x00000326   0x00000326   0x00000064   Code   RO         3285    .text               c_w.l(rt_memcpy_w.o)
    0x0000038a   0x0000038a   0x00000002   PAD
    0x0000038c   0x0000038c   0x00000008   Code   RO         3346    .text               c_w.l(libspace.o)
    0x00000394   0x00000394   0x0000004a   Code   RO         3349    .text               c_w.l(sys_stackheap_outer.o)
    0x000003de   0x000003de   0x00000012   Code   RO         3351    .text               c_w.l(exit.o)
    0x000003f0   0x000003f0   0x0000000c   Code   RO         3417    .text               c_w.l(sys_exit.o)
    0x000003fc   0x000003fc   0x00000002   Code   RO         3428    .text               c_w.l(use_no_semi.o)
    0x000003fe   0x000003fe   0x00000000   Code   RO         3430    .text               c_w.l(indicate_semi.o)
    0x000003fe   0x000003fe   0x00000002   PAD
    0x00000400   0x00000400   0x00000024   Code   RO         1951    i.CS_clearInterruptFlag  msp432p4xx_driverlib.lib(cs.o)
    0x00000424   0x00000424   0x00000018   Code   RO         1960    i.CS_getACLK        msp432p4xx_driverlib.lib(cs.o)
    0x0000043c   0x0000043c   0x0000001c   Code   RO         1961    i.CS_getBCLK        msp432p4xx_driverlib.lib(cs.o)
    0x00000458   0x00000458   0x0000010c   Code   RO         1962    i.CS_getDCOFrequency  msp432p4xx_driverlib.lib(cs.o)
    0x00000564   0x00000564   0x00000018   Code   RO         1964    i.CS_getHSMCLK      msp432p4xx_driverlib.lib(cs.o)
    0x0000057c   0x0000057c   0x00000018   Code   RO         1966    i.CS_getMCLK        msp432p4xx_driverlib.lib(cs.o)
    0x00000594   0x00000594   0x00000018   Code   RO         1967    i.CS_getSMCLK       msp432p4xx_driverlib.lib(cs.o)
    0x000005ac   0x000005ac   0x00000024   Code   RO         1971    i.CS_setDCOCenteredFrequency  msp432p4xx_driverlib.lib(cs.o)
    0x000005d0   0x000005d0   0x00000034   Code   RO          950    i.EUSCIA1_IRQHandler  psk_usart.o
    0x00000604   0x00000604   0x0000002c   Code   RO          951    i.EUSCIA2_IRQHandler  psk_usart.o
    0x00000630   0x00000630   0x00000034   Code   RO          952    i.EUSCIA3_IRQHandler  psk_usart.o
    0x00000664   0x00000664   0x00000028   Code   RO         2242    i.FlashCtl_setWaitState  msp432p4xx_driverlib.lib(flash.o)
    0x0000068c   0x0000068c   0x00000058   Code   RO          680    i.GPIO_INIT_IT      psk_interrupt.o
    0x000006e4   0x000006e4   0x00000018   Code   RO          739    i.IIC_Wait_Ack      psk_oled.o
    0x000006fc   0x000006fc   0x0000005c   Code   RO         2470    i.Interrupt_enableInterrupt  msp432p4xx_driverlib.lib(interrupt.o)
    0x00000758   0x00000758   0x0000000e   Code   RO         2471    i.Interrupt_enableMaster  msp432p4xx_driverlib.lib(interrupt.o)
    0x00000766   0x00000766   0x00000002   PAD
    0x00000768   0x00000768   0x00000020   Code   RO         1843    i.Mission_1         mission.o
    0x00000788   0x00000788   0x00000190   Code   RO         1845    i.Mission_3         mission.o
    0x00000918   0x00000918   0x0000009c   Code   RO         1846    i.Mission_4         mission.o
    0x000009b4   0x000009b4   0x0000008c   Code   RO         1847    i.Mission_5         mission.o
    0x00000a40   0x00000a40   0x000000c8   Code   RO         1848    i.Mission_6         mission.o
    0x00000b08   0x00000b08   0x0000003a   Code   RO          740    i.OLED_Clear        psk_oled.o
    0x00000b42   0x00000b42   0x00000002   PAD
    0x00000b44   0x00000b44   0x00000028   Code   RO          743    i.OLED_IIC_Start    psk_oled.o
    0x00000b6c   0x00000b6c   0x00000020   Code   RO          744    i.OLED_IIC_Stop     psk_oled.o
    0x00000b8c   0x00000b8c   0x000000f4   Code   RO          745    i.OLED_Init         psk_oled.o
    0x00000c80   0x00000c80   0x0000000c   Code   RO          752    i.OLED_WR_Byte      psk_oled.o
    0x00000c8c   0x00000c8c   0x00000044   Code   RO          327    i.PID_struct_init   pid.o
    0x00000cd0   0x00000cd0   0x00000020   Code   RO          681    i.PORT1_IRQHandler  psk_interrupt.o
    0x00000cf0   0x00000cf0   0x000000a8   Code   RO          682    i.PORT4_IRQHandler  psk_interrupt.o
    0x00000d98   0x00000d98   0x00000020   Code   RO          683    i.PORT5_IRQHandler  psk_interrupt.o
    0x00000db8   0x00000db8   0x00000048   Code   RO         3099    i.SysCtl_A_getTLVInfo  msp432p4xx_driverlib.lib(sysctl_a.o)
    0x00000e00   0x00000e00   0x00000010   Code   RO          483    i.SysTick_Handler   psk_delay.o
    0x00000e10   0x00000e10   0x00000060   Code   RO          257    i.SystemInit        system_msp432p401r.o
    0x00000e70   0x00000e70   0x00000050   Code   RO          908    i.TA0_4PWM_INIT     psk_pwm.o
    0x00000ec0   0x00000ec0   0x0000006c   Code   RO          909    i.TA1_4PWM_INIT     psk_pwm.o
    0x00000f2c   0x00000f2c   0x000000c0   Code   RO          684    i.TA3_0_IRQHandler  psk_interrupt.o
    0x00000fec   0x00000fec   0x00000034   Code   RO          685    i.TA3_IT_INIT       psk_interrupt.o
    0x00001020   0x00001020   0x0000001a   Code   RO         2606    i.Timer_A_clearCaptureCompareInterrupt  msp432p4xx_driverlib.lib(timer_a.o)
    0x0000103a   0x0000103a   0x0000000c   Code   RO         2608    i.Timer_A_clearTimer  msp432p4xx_driverlib.lib(timer_a.o)
    0x00001046   0x00001046   0x00000046   Code   RO         2611    i.Timer_A_configureUpMode  msp432p4xx_driverlib.lib(timer_a.o)
    0x0000108c   0x0000108c   0x00000008   Code   RO         2630    i.Timer_A_startCounter  msp432p4xx_driverlib.lib(timer_a.o)
    0x00001094   0x00001094   0x00000026   Code   RO         2798    i.UART_getEnabledInterruptStatus  msp432p4xx_driverlib.lib(uart.o)
    0x000010ba   0x000010ba   0x00000092   Code   RO         2802    i.UART_initModule   msp432p4xx_driverlib.lib(uart.o)
    0x0000114c   0x0000114c   0x00000038   Code   RO          953    i.USART0_DEBUG_INIT  psk_usart.o
    0x00001184   0x00001184   0x00000024   Code   RO          954    i.USART0_DEBUG_SEND  psk_usart.o
    0x000011a8   0x000011a8   0x00000054   Code   RO          955    i.USART1_INIT       psk_usart.o
    0x000011fc   0x000011fc   0x00000054   Code   RO          956    i.USART2_INIT       psk_usart.o
    0x00001250   0x00001250   0x00000054   Code   RO          958    i.USART3_INIT       psk_usart.o
    0x000012a4   0x000012a4   0x00000044   Code   RO          753    i.Write_IIC_Byte    psk_oled.o
    0x000012e8   0x000012e8   0x0000002e   Code   RO          754    i.Write_IIC_Command  psk_oled.o
    0x00001316   0x00001316   0x0000002e   Code   RO          755    i.Write_IIC_Data    psk_oled.o
    0x00001344   0x00001344   0x000000c0   Code   RO         1983    i._CSComputeCLKFrequency  msp432p4xx_driverlib.lib(cs.o)
    0x00001404   0x00001404   0x0000002a   Code   RO          328    i.abs_limit         pid.o
    0x0000142e   0x0000142e   0x00000002   PAD
    0x00001430   0x00001430   0x00000038   Code   RO         1800    i.buzzer_bbbi       led_beep.o
    0x00001468   0x00001468   0x00000080   Code   RO         1662    i.calc_disLoop_speed  ycz_distance.o
    0x000014e8   0x000014e8   0x0000004c   Code   RO         1663    i.calc_distance     ycz_distance.o
    0x00001534   0x00001534   0x000000b8   Code   RO         1707    i.communicate_handler  ycz_communicate.o
    0x000015ec   0x000015ec   0x00000016   Code   RO          484    i.delay_ms          psk_delay.o
    0x00001602   0x00001602   0x00000012   Code   RO          485    i.delay_us          psk_delay.o
    0x00001614   0x00001614   0x0000003c   Code   RO         1432    i.distance_calc     psk_motor_control.o
    0x00001650   0x00001650   0x00000200   Code   RO         1520    i.huidu_get_error   huidu.o
    0x00001850   0x00001850   0x00000038   Code   RO         1521    i.huidu_io_init     huidu.o
    0x00001888   0x00001888   0x00000078   Code   RO         1626    i.jy901s_handler    jy901s.o
    0x00001900   0x00001900   0x00000058   Code   RO         1801    i.led_lignt_ctl     led_beep.o
    0x00001958   0x00001958   0x000002f8   Code   RO            4    i.main              main.o
    0x00001c50   0x00001c50   0x00000002   Code   RO          486    i.no_used_initial   psk_delay.o
    0x00001c52   0x00001c52   0x0000004e   Code   RO         1188    i.number_conversion_ascii  seekfree_printf.o
    0x00001ca0   0x00001ca0   0x0000014c   Code   RO          329    i.pid_calc          pid.o
    0x00001dec   0x00001dec   0x0000000e   Code   RO          330    i.pid_param_init    pid.o
    0x00001dfa   0x00001dfa   0x00000002   PAD
    0x00001dfc   0x00001dfc   0x00000020   Code   RO          331    i.pid_reset         pid.o
    0x00001e1c   0x00001e1c   0x00000218   Code   RO         1433    i.pid_set           psk_motor_control.o
    0x00002034   0x00002034   0x0000001e   Code   RO         1189    i.printf_reverse_order  seekfree_printf.o
    0x00002052   0x00002052   0x000000b4   Code   RO         2633    i.privateTimer_AProcessClockSourceDivider  msp432p4xx_driverlib.lib(timer_a.o)
    0x00002106   0x00002106   0x00000002   PAD
    0x00002108   0x00002108   0x00000018   Code   RO         1522    i.sensor_read       huidu.o
    0x00002120   0x00002120   0x000000d4   Code   RO         1434    i.set_speed_back    psk_motor_control.o
    0x000021f4   0x000021f4   0x000000e4   Code   RO         1435    i.set_speed_front   psk_motor_control.o
    0x000022d8   0x000022d8   0x0000007c   Code   RO         1851    i.slave_task        mission.o
    0x00002354   0x00002354   0x00000084   Code   RO          487    i.sys_init          psk_delay.o
    0x000023d8   0x000023d8   0x0000005c   Code   RO         1764    i.uart_handler      ultrasonic.o
    0x00002434   0x00002434   0x0000002c   Code   RO         1436    i.until_distance    psk_motor_control.o
    0x00002460   0x00002460   0x0000007c   Code   RO         1920    i.wait_for_condition  condition.o
    0x000024dc   0x000024dc   0x00000214   Code   RO         1190    i.zf_sprintf        seekfree_printf.o
    0x000026f0   0x000026f0   0x00000062   Code   RO         3224    x$fpl$d2f           fz_wm.l(d2f.o)
    0x00002752   0x00002752   0x00000002   PAD
    0x00002754   0x00002754   0x00000150   Code   RO         3226    x$fpl$dadd          fz_wm.l(daddsub_clz.o)
    0x000028a4   0x000028a4   0x00000018   Code   RO         3287    x$fpl$dcmpinf       fz_wm.l(dcmpi.o)
    0x000028bc   0x000028bc   0x00000078   Code   RO         3236    x$fpl$deqf          fz_wm.l(deqf.o)
    0x00002934   0x00002934   0x0000005e   Code   RO         3238    x$fpl$dfix          fz_wm.l(dfix.o)
    0x00002992   0x00002992   0x0000002e   Code   RO         3243    x$fpl$dflt          fz_wm.l(dflt_clz.o)
    0x000029c0   0x000029c0   0x00000078   Code   RO         3248    x$fpl$dleqf         fz_wm.l(dleqf.o)
    0x00002a38   0x00002a38   0x00000154   Code   RO         3250    x$fpl$dmul          fz_wm.l(dmul.o)
    0x00002b8c   0x00002b8c   0x0000009c   Code   RO         3289    x$fpl$dnaninf       fz_wm.l(dnaninf.o)
    0x00002c28   0x00002c28   0x0000000c   Code   RO         3291    x$fpl$dretinf       fz_wm.l(dretinf.o)
    0x00002c34   0x00002c34   0x00000016   Code   RO         3227    x$fpl$drsb          fz_wm.l(daddsub_clz.o)
    0x00002c4a   0x00002c4a   0x00000002   PAD
    0x00002c4c   0x00002c4c   0x000001d4   Code   RO         3228    x$fpl$dsub          fz_wm.l(daddsub_clz.o)
    0x00002e20   0x00002e20   0x00000056   Code   RO         3254    x$fpl$f2d           fz_wm.l(f2d.o)
    0x00002e76   0x00002e76   0x00000060   Code   RO         3256    x$fpl$ffltll        fz_wm.l(ffltll_clz.o)
    0x00002ed6   0x00002ed6   0x0000008c   Code   RO         3293    x$fpl$fnaninf       fz_wm.l(fnaninf.o)
    0x00002f62   0x00002f62   0x0000000a   Code   RO         3415    x$fpl$fpinit        fz_wm.l(fpinit.o)
    0x00002f6c   0x00002f6c   0x0000000a   Code   RO         3295    x$fpl$fretinf       fz_wm.l(fretinf.o)
    0x00002f76   0x00002f76   0x00000000   Code   RO         3297    x$fpl$usenofp       fz_wm.l(usenofp.o)
    0x00002f76   0x00002f76   0x00000002   PAD
    0x00002f78   0x00002f78   0x00000018   Data   RO          686    .constdata          psk_interrupt.o
    0x00002f90   0x00002f90   0x00000050   Data   RO          961    .constdata          psk_usart.o
    0x00002fe0   0x00002fe0   0x00000090   Data   RO         2486    .constdata          msp432p4xx_driverlib.lib(interrupt.o)
    0x00003070   0x00003070   0x00000020   Data   RO         3485    Region$$Table       anon$$obj.o


    Execution Region RW_IRAM1 (Exec base: 0x20000000, Load base: 0x00003090, Size: 0x000007a8, Max: 0x00010000, ABSOLUTE)

    Exec Addr    Load Addr    Size         Type   Attr      Idx    E Section Name        Object

    0x20000000   0x00003090   0x00000018   Data   RW          488    .data               psk_delay.o
    0x20000018   0x000030a8   0x00000010   Data   RW          687    .data               psk_interrupt.o
    0x20000028   0x000030b8   0x00000020   Data   RW         1437    .data               psk_motor_control.o
    0x20000048   0x000030d8   0x0000001c   Data   RW         1524    .data               huidu.o
    0x20000064   0x000030f4   0x00000024   Data   RW         1628    .data               jy901s.o
    0x20000088   0x00003118   0x0000001c   Data   RW         1665    .data               ycz_distance.o
    0x200000a4   0x00003134   0x00000004   Data   RW         1667    .data               ycz_distance.o
    0x200000a8   0x00003138   0x00000008   Data   RW         1713    .data               ycz_communicate.o
    0x200000b0   0x00003140   0x0000000d   Data   RW         1765    .data               ultrasonic.o
    0x200000bd   0x0000314d   0x00000003   PAD
    0x200000c0   0x00003150   0x00000010   Data   RW         1803    .data               led_beep.o
    0x200000d0   0x00003160   0x00000004   Data   RW         1804    .data               led_beep.o
    0x200000d4   0x00003164   0x00000014   Data   RW         1852    .data               mission.o
    0x200000e8   0x00003178   0x00000004   Data   RW         1922    .data               condition.o
    0x200000ec   0x0000317c   0x00000008   Data   RW         1985    .data               msp432p4xx_driverlib.lib(cs.o)
    0x200000f4        -       0x0000004c   Zero   RW          333    .bss                pid.o
    0x20000140        -       0x0000004c   Zero   RW          334    .bss                pid.o
    0x2000018c        -       0x0000004c   Zero   RW          335    .bss                pid.o
    0x200001d8        -       0x0000004c   Zero   RW          336    .bss                pid.o
    0x20000224        -       0x0000004c   Zero   RW          337    .bss                pid.o
    0x20000270        -       0x000000c8   Zero   RW          960    .bss                psk_usart.o
    0x20000338        -       0x00000018   Zero   RW         1523    .bss                huidu.o
    0x20000350        -       0x000000fa   Zero   RW         1627    .bss                jy901s.o
    0x2000044a        -       0x000000fa   Zero   RW         1712    .bss                ycz_communicate.o
    0x20000544        -       0x00000060   Zero   RW         3347    .bss                c_w.l(libspace.o)
    0x200005a4   0x00003184   0x00000004   PAD
    0x200005a8        -       0x00000000   Zero   RW          318    HEAP                startup_msp432p401r_uvision.o
    0x200005a8        -       0x00000200   Zero   RW          317    STACK               startup_msp432p401r_uvision.o


==============================================================================

Image component sizes


      Code (inc. data)   RO Data    RW Data    ZI Data      Debug   Object Name

       124         10          0          4          0       1255   condition.o
       592         44          0         28         24       3132   huidu.o
       120         10          0         36        250       1452   jy901s.o
       144         16          0         20          0       1434   led_beep.o
       760        142          0          0          0      16075   main.o
      1052        206          0         20          0       4576   mission.o
       488         20          0          0        380       5173   pid.o
       190         16          0         24          0       3188   psk_delay.o
       564         96         24         16          0       4121   psk_interrupt.o
      1080         92          0         32          0       4752   psk_motor_control.o
       570         22          0          0          0       5531   psk_oled.o
       188         14          0          0          0       1012   psk_pwm.o
       492         88         80          0        200       5034   psk_usart.o
       640         16          0          0          0       4214   seekfree_printf.o
        60         22        324          0        512        892   startup_msp432p401r_uvision.o
        96         20          0          0          0        513   system_msp432p401r.o
        92         14          0         13          0       1264   ultrasonic.o
       184         40          0          8        250        973   ycz_communicate.o
       204         52          0         32          0       2031   ycz_distance.o

    ----------------------------------------------------------------------
      7646        940        460        236       1616      66622   Object Totals
         0          0         32          0          0          0   (incl. Generated)
         6          0          0          3          0          0   (incl. Padding)

    ----------------------------------------------------------------------

      Code (inc. data)   RO Data    RW Data    ZI Data      Debug   Library Member Name

         8          0          0          0          0         68   __main.o
         0          0          0          0          0          0   __rtentry.o
        12          0          0          0          0          0   __rtentry2.o
         6          0          0          0          0          0   __rtentry4.o
        52          8          0          0          0          0   __scatter.o
        26          0          0          0          0          0   __scatter_copy.o
        28          0          0          0          0          0   __scatter_zi.o
        18          0          0          0          0         80   exit.o
         6          0          0          0          0        152   heapauxi.o
         0          0          0          0          0          0   indicate_semi.o
         2          0          0          0          0          0   libinit.o
         6          0          0          0          0          0   libinit2.o
         2          0          0          0          0          0   libshutdown.o
         2          0          0          0          0          0   libshutdown2.o
         8          4          0          0         96         68   libspace.o
        78          0          0          0          0         80   rt_memclr_w.o
       138          0          0          0          0         68   rt_memcpy_v6.o
       100          0          0          0          0         80   rt_memcpy_w.o
         2          0          0          0          0          0   rtexit.o
        10          0          0          0          0          0   rtexit2.o
        12          4          0          0          0         68   sys_exit.o
        74          0          0          0          0         80   sys_stackheap_outer.o
         2          0          0          0          0         68   use_no_semi.o
        98          4          0          0          0        140   d2f.o
       826         16          0          0          0        492   daddsub_clz.o
        24          0          0          0          0        116   dcmpi.o
       120          4          0          0          0        140   deqf.o
        94          4          0          0          0        140   dfix.o
        46          0          0          0          0        116   dflt_clz.o
       120          4          0          0          0        140   dleqf.o
       340         12          0          0          0        152   dmul.o
       156          4          0          0          0        140   dnaninf.o
        12          0          0          0          0        116   dretinf.o
        86          4          0          0          0        132   f2d.o
        96          0          0          0          0        132   ffltll_clz.o
       140          4          0          0          0        132   fnaninf.o
        10          0          0          0          0        116   fpinit.o
        10          0          0          0          0        116   fretinf.o
         0          0          0          0          0          0   usenofp.o
        38          0          0          0          0        676   cpu.o
       656        106          0          8          0      13642   cs.o
        40          4          0          0          0       5046   flash.o
       106          8        144          0          0       2381   interrupt.o
        72          8          0          0          0       1537   sysctl_a.o
       296         28          0          0          0      10011   timer_a.o
       184          0          0          0          0       6021   uart.o

    ----------------------------------------------------------------------
      4182        226        144          8        100      42446   Library Totals
        20          0          0          0          4          0   (incl. Padding)

    ----------------------------------------------------------------------

      Code (inc. data)   RO Data    RW Data    ZI Data      Debug   Library Name

       592         16          0          0         96        812   c_w.l
      2178         56          0          0          0       2320   fz_wm.l
      1392        154        144          8          0      39314   msp432p4xx_driverlib.lib

    ----------------------------------------------------------------------
      4182        226        144          8        100      42446   Library Totals

    ----------------------------------------------------------------------

==============================================================================


      Code (inc. data)   RO Data    RW Data    ZI Data      Debug   

     11828       1166        604        244       1716     100256   Grand Totals
     11828       1166        604        244       1716     100256   ELF Image Totals
     11828       1166        604        244          0          0   ROM Totals

==============================================================================

    Total RO  Size (Code + RO Data)                12432 (  12.14kB)
    Total RW  Size (RW Data + ZI Data)              1960 (   1.91kB)
    Total ROM Size (Code + RO Data + RW Data)      12676 (  12.38kB)

==============================================================================

